../Core/Src/main.cpp:55:6:void HAL_TIM_PeriodElapsedCallback(TIM_HandleTypeDef*)	16	static
../Core/Src/main.cpp:74:5:int main()	8	static
../Core/Src/main.cpp:125:6:void SystemClock_Config()	88	static
../Core/Src/main.cpp:175:13:void MX_TIM2_Init()	32	static
../Core/Src/main.cpp:220:13:void MX_GPIO_Init()	24	static
../Core/Src/main.cpp:242:6:void Error_Handler()	4	static,ignoring_inline_asm
../Core/Src/main.cpp:251:1:void __static_initialization_and_destruction_0()	8	static
../Core/Inc/TimerControl.h:47:7:TimerControl::~TimerControl()	16	static
../Core/Src/main.cpp:251:1:void __static_initialization_and_destruction_1()	8	static
../Core/Src/main.cpp:251:1:cpp)	8	static
../Core/Src/main.cpp:251:1:cpp)	8	static
