Component: Arm Compiler for Embedded 6.19 Tool: armlink [5e73cb00]

==============================================================================

Section Cross References

    startup_stm32f103xb.o(STACK) refers (Special) to heapauxi.o(.text) for __use_two_region_memory
    startup_stm32f103xb.o(HEAP) refers (Special) to heapauxi.o(.text) for __use_two_region_memory
    startup_stm32f103xb.o(RESET) refers (Special) to heapauxi.o(.text) for __use_two_region_memory
    startup_stm32f103xb.o(RESET) refers to startup_stm32f103xb.o(STACK) for __initial_sp
    startup_stm32f103xb.o(RESET) refers to startup_stm32f103xb.o(.text) for Reset_Handler
    startup_stm32f103xb.o(RESET) refers to stm32f1xx_it.o(.text.NMI_Handler) for NMI_Handler
    startup_stm32f103xb.o(RESET) refers to stm32f1xx_it.o(.text.HardFault_Handler) for HardFault_Handler
    startup_stm32f103xb.o(RESET) refers to stm32f1xx_it.o(.text.MemManage_Handler) for MemManage_Handler
    startup_stm32f103xb.o(RESET) refers to stm32f1xx_it.o(.text.BusFault_Handler) for BusFault_Handler
    startup_stm32f103xb.o(RESET) refers to stm32f1xx_it.o(.text.UsageFault_Handler) for UsageFault_Handler
    startup_stm32f103xb.o(RESET) refers to stm32f1xx_it.o(.text.SVC_Handler) for SVC_Handler
    startup_stm32f103xb.o(RESET) refers to stm32f1xx_it.o(.text.DebugMon_Handler) for DebugMon_Handler
    startup_stm32f103xb.o(RESET) refers to stm32f1xx_it.o(.text.PendSV_Handler) for PendSV_Handler
    startup_stm32f103xb.o(RESET) refers to stm32f1xx_it.o(.text.SysTick_Handler) for SysTick_Handler
    startup_stm32f103xb.o(RESET) refers to stm32f1xx_it.o(.text.TIM2_IRQHandler) for TIM2_IRQHandler
    startup_stm32f103xb.o(.text) refers (Special) to heapauxi.o(.text) for __use_two_region_memory
    startup_stm32f103xb.o(.text) refers to system_stm32f1xx.o(.text.SystemInit) for SystemInit
    startup_stm32f103xb.o(.text) refers to __main.o(!!!main) for __main
    startup_stm32f103xb.o(.text) refers to startup_stm32f103xb.o(HEAP) for Heap_Mem
    startup_stm32f103xb.o(.text) refers to startup_stm32f103xb.o(STACK) for Stack_Mem
    stm32f1xx_it.o(.text.NMI_Handler) refers to stm32f1xx_hal_rcc.o(.text.HAL_RCC_NMI_IRQHandler) for HAL_RCC_NMI_IRQHandler
    stm32f1xx_it.o(.ARM.exidx.text.NMI_Handler) refers to stm32f1xx_it.o(.text.NMI_Handler) for [Anonymous Symbol]
    stm32f1xx_it.o(.ARM.exidx.text.HardFault_Handler) refers to stm32f1xx_it.o(.text.HardFault_Handler) for [Anonymous Symbol]
    stm32f1xx_it.o(.ARM.exidx.text.MemManage_Handler) refers to stm32f1xx_it.o(.text.MemManage_Handler) for [Anonymous Symbol]
    stm32f1xx_it.o(.ARM.exidx.text.BusFault_Handler) refers to stm32f1xx_it.o(.text.BusFault_Handler) for [Anonymous Symbol]
    stm32f1xx_it.o(.ARM.exidx.text.UsageFault_Handler) refers to stm32f1xx_it.o(.text.UsageFault_Handler) for [Anonymous Symbol]
    stm32f1xx_it.o(.ARM.exidx.text.SVC_Handler) refers to stm32f1xx_it.o(.text.SVC_Handler) for [Anonymous Symbol]
    stm32f1xx_it.o(.ARM.exidx.text.DebugMon_Handler) refers to stm32f1xx_it.o(.text.DebugMon_Handler) for [Anonymous Symbol]
    stm32f1xx_it.o(.ARM.exidx.text.PendSV_Handler) refers to stm32f1xx_it.o(.text.PendSV_Handler) for [Anonymous Symbol]
    stm32f1xx_it.o(.text.SysTick_Handler) refers to stm32f1xx_hal.o(.text.HAL_IncTick) for HAL_IncTick
    stm32f1xx_it.o(.ARM.exidx.text.SysTick_Handler) refers to stm32f1xx_it.o(.text.SysTick_Handler) for [Anonymous Symbol]
    stm32f1xx_it.o(.text.TIM2_IRQHandler) refers to main.o(.bss.htim2) for htim2
    stm32f1xx_it.o(.text.TIM2_IRQHandler) refers to stm32f1xx_hal_tim.o(.text.HAL_TIM_IRQHandler) for HAL_TIM_IRQHandler
    stm32f1xx_it.o(.ARM.exidx.text.TIM2_IRQHandler) refers to stm32f1xx_it.o(.text.TIM2_IRQHandler) for [Anonymous Symbol]
    stm32f1xx_hal_msp.o(.ARM.exidx.text.HAL_MspInit) refers to stm32f1xx_hal_msp.o(.text.HAL_MspInit) for [Anonymous Symbol]
    stm32f1xx_hal_msp.o(.text.HAL_TIM_Base_MspInit) refers to stm32f1xx_hal_cortex.o(.text.HAL_NVIC_SetPriority) for HAL_NVIC_SetPriority
    stm32f1xx_hal_msp.o(.text.HAL_TIM_Base_MspInit) refers to stm32f1xx_hal_cortex.o(.text.HAL_NVIC_EnableIRQ) for HAL_NVIC_EnableIRQ
    stm32f1xx_hal_msp.o(.ARM.exidx.text.HAL_TIM_Base_MspInit) refers to stm32f1xx_hal_msp.o(.text.HAL_TIM_Base_MspInit) for [Anonymous Symbol]
    stm32f1xx_hal_msp.o(.text.HAL_TIM_Base_MspDeInit) refers to stm32f1xx_hal_cortex.o(.text.HAL_NVIC_DisableIRQ) for HAL_NVIC_DisableIRQ
    stm32f1xx_hal_msp.o(.ARM.exidx.text.HAL_TIM_Base_MspDeInit) refers to stm32f1xx_hal_msp.o(.text.HAL_TIM_Base_MspDeInit) for [Anonymous Symbol]
    main.o(.text.HAL_TIM_PeriodElapsedCallback) refers to main.o(.bss.htim2) for htim2
    main.o(.text.HAL_TIM_PeriodElapsedCallback) refers to main.o(.bss..L_MergedGlobals) for .L_MergedGlobals
    main.o(.text.HAL_TIM_PeriodElapsedCallback) refers to timercontrol.o(.text._ZN12TimerControl21PeriodElapsedCallbackEv) for TimerControl::PeriodElapsedCallback()
[...]
    ../fplib/fnaninf.s                       0x00000000   Number         0  fnaninf.o ABSOLUTE
    ../fplib/fpconst.s                       0x00000000   Number         0  fpconst.o ABSOLUTE
    ../fplib/fpinit.s                        0x00000000   Number         0  fpinit.o ABSOLUTE
    ../fplib/fpinit_empty.s                  0x00000000   Number         0  fpinit_empty.o ABSOLUTE
    ../fplib/fretinf.s                       0x00000000   Number         0  fretinf.o ABSOLUTE
    ../fplib/istatus.s                       0x00000000   Number         0  istatus.o ABSOLUTE
    ../fplib/printf1.s                       0x00000000   Number         0  printf1.o ABSOLUTE
    ../fplib/retnan.s                        0x00000000   Number         0  retnan.o ABSOLUTE
    ../fplib/scalbn.s                        0x00000000   Number         0  scalbn.o ABSOLUTE
    ../fplib/scanf1.s                        0x00000000   Number         0  scanf1.o ABSOLUTE
    ../fplib/scanf2.s                        0x00000000   Number         0  scanf2.o ABSOLUTE
    ../fplib/scanf2a.s                       0x00000000   Number         0  scanf2a.o ABSOLUTE
    ../fplib/scanf2b.s                       0x00000000   Number         0  scanf2b.o ABSOLUTE
    ../fplib/trapv.s                         0x00000000   Number         0  trapv.o ABSOLUTE
    ../fplib/usenofp.s                       0x00000000   Number         0  usenofp.o ABSOLUTE
    ../mathlib/dunder.c                      0x00000000   Number         0  dunder.o ABSOLUTE
    ../mathlib/fpclassify.c                  0x00000000   Number         0  fpclassify.o ABSOLUTE
    ../mathlib/frexp.c                       0x00000000   Number         0  frexp.o ABSOLUTE
    ../mathlib/ldexp.c                       0x00000000   Number         0  ldexp.o ABSOLUTE
    ../mathlib/narrow.c                      0x00000000   Number         0  narrow.o ABSOLUTE
    ../mathlib/strtod.c                      0x00000000   Number         0  strtod.o ABSOLUTE
    ../mathlib/strtof.c                      0x00000000   Number         0  strtof.o ABSOLUTE
    ../mathlib/strtold.c                     0x00000000   Number         0  strtold.o ABSOLUTE
    ../mathlib/wcstod.c                      0x00000000   Number         0  wcstod.o ABSOLUTE
    ../mathlib/wcstof.c                      0x00000000   Number         0  wcstof.o ABSOLUTE
    ../mathlib/wcstold.c                     0x00000000   Number         0  wcstold.o ABSOLUTE
    TimerControl.cpp                         0x00000000   Number         0  timercontrol.o ABSOLUTE
    std::__2::basic_string<char, std::__2::char_traits<char>, std::__2::allocator<char>>::basic_string(std::__2::basic_string<char, std::__2::char_traits<char>, std::__2::allocator<char>> const&, unsigned int, unsigned int, std::__2::allocator<char> const&) 0x00000000   Number         0  string.cpp.o ABSOLUTE
    std::__2::basic_string<char, std::__2::char_traits<char>, std::__2::allocator<char>>::~basic_string() 0x00000000   Number         0  string.cpp.o ABSOLUTE
    std::__2::basic_string<wchar_t, std::__2::char_traits<wchar_t>, std::__2::allocator<wchar_t>>::basic_string(std::__2::basic_string<wchar_t, std::__2::char_traits<wchar_t>, std::__2::allocator<wchar_t>> const&, unsigned int, unsigned int, std::__2::allocator<wchar_t> const&) 0x00000000   Number         0  string.cpp.o ABSOLUTE
    std::__2::basic_string<wchar_t, std::__2::char_traits<wchar_t>, std::__2::allocator<wchar_t>>::~basic_string() 0x00000000   Number         0  string.cpp.o ABSOLUTE
    abort_message.cpp                        0x00000000   Number         0  abort_message.cpp.o ABSOLUTE
    cxa_default_handlers.cpp                 0x00000000   Number         0  cxa_default_handlers.cpp.o ABSOLUTE
    cxa_handlers.cpp                         0x00000000   Number         0  cxa_handlers.cpp.o ABSOLUTE
    dc.s                                     0x00000000   Number         0  dc.o ABSOLUTE
    main.cpp                                 0x00000000   Number         0  main.o ABSOLUTE
    new.cpp                                  0x00000000   Number         0  new.cpp.o ABSOLUTE
    startup_stm32f103xb.s                    0x00000000   Number         0  startup_stm32f103xb.o ABSOLUTE
    stm32f1xx_hal.c                          0x00000000   Number         0  stm32f1xx_hal.o ABSOLUTE
    stm32f1xx_hal_cortex.c                   0x00000000   Number         0  stm32f1xx_hal_cortex.o ABSOLUTE
    stm32f1xx_hal_dma.c                      0x00000000   Number         0  stm32f1xx_hal_dma.o ABSOLUTE
    stm32f1xx_hal_exti.c                     0x00000000   Number         0  stm32f1xx_hal_exti.o ABSOLUTE
    stm32f1xx_hal_flash.c                    0x00000000   Number         0  stm32f1xx_hal_flash.o ABSOLUTE
    stm32f1xx_hal_flash_ex.c                 0x00000000   Number         0  stm32f1xx_hal_flash_ex.o ABSOLUTE
    stm32f1xx_hal_gpio.c                     0x00000000   Number         0  stm32f1xx_hal_gpio.o ABSOLUTE
    stm32f1xx_hal_gpio_ex.c                  0x00000000   Number         0  stm32f1xx_hal_gpio_ex.o ABSOLUTE
    stm32f1xx_hal_msp.c                      0x00000000   Number         0  stm32f1xx_hal_msp.o ABSOLUTE
    stm32f1xx_hal_pwr.c                      0x00000000   Number         0  stm32f1xx_hal_pwr.o ABSOLUTE
    stm32f1xx_hal_rcc.c                      0x00000000   Number         0  stm32f1xx_hal_rcc.o ABSOLUTE
    stm32f1xx_hal_rcc_ex.c                   0x00000000   Number         0  stm32f1xx_hal_rcc_ex.o ABSOLUTE
    stm32f1xx_hal_tim.c                      0x00000000   Number         0  stm32f1xx_hal_tim.o ABSOLUTE
    stm32f1xx_hal_tim_ex.c                   0x00000000   Number         0  stm32f1xx_hal_tim_ex.o ABSOLUTE
    stm32f1xx_it.c                           0x00000000   Number         0  stm32f1xx_it.o ABSOLUTE
    string.cpp                               0x00000000   Number         0  string.cpp.o ABSOLUTE
    system_stm32f1xx.c                       0x00000000   Number         0  system_stm32f1xx.o ABSOLUTE
    RESET                                    0x08000000   Section      236  startup_stm32f103xb.o(RESET)
    !!!main                                  0x080000ec   Section        8  __main.o(!!!main)
    !!!scatter                               0x080000f4   Section       52  __scatter.o(!!!scatter)
    !!handler_copy                           0x08000128   Section       26  __scatter_copy.o(!!handler_copy)
    !!handler_zi                             0x08000144   Section       28  __scatter_zi.o(!!handler_zi)
    .ARM.Collect$$_printf_percent$$00000000  0x08000160   Section        0  _printf_percent.o(.ARM.Collect$$_printf_percent$$00000000)
    .ARM.Collect$$_printf_percent$$00000003  0x08000160   Section        6  _printf_f.o(.ARM.Collect$$_printf_percent$$00000003)
    .ARM.Collect$$_printf_percent$$00000014  0x08000166   Section        6  _printf_s.o(.ARM.Collect$$_printf_percent$$00000014)
    .ARM.Collect$$_printf_percent$$00000017  0x0800016c   Section        4  _printf_percent_end.o(.ARM.Collect$$_printf_percent$$00000017)
    .ARM.Collect$$libinit$$00000000          0x08000170   Section        2  libinit.o(.ARM.Collect$$libinit$$00000000)
    .ARM.Collect$$libinit$$00000002          0x08000172   Section        0  libinit2.o(.ARM.Collect$$libinit$$00000002)
    .ARM.Collect$$libinit$$00000004          0x08000172   Section        0  libinit2.o(.ARM.Collect$$libinit$$00000004)
    .ARM.Collect$$libinit$$00000006          0x08000172   Section        0  libinit2.o(.ARM.Collect$$libinit$$00000006)
    .ARM.Collect$$libinit$$00000007          0x08000172   Section        8  libinit2.o(.ARM.Collect$$libinit$$00000007)
    .ARM.Collect$$libinit$$0000000C          0x0800017a   Section        0  libinit2.o(.ARM.Collect$$libinit$$0000000C)
    .ARM.Collect$$libinit$$0000000E          0x0800017a   Section        0  libinit2.o(.ARM.Collect$$libinit$$0000000E)
    .ARM.Collect$$libinit$$00000010          0x0800017a   Section        0  libinit2.o(.ARM.Collect$$libinit$$00000010)
    .ARM.Collect$$libinit$$00000011          0x0800017a   Section        6  libinit2.o(.ARM.Collect$$libinit$$00000011)
    .ARM.Collect$$libinit$$00000013          0x08000180   Section        0  libinit2.o(.ARM.Collect$$libinit$$00000013)
    .ARM.Collect$$libinit$$00000015          0x08000180   Section        0  libinit2.o(.ARM.Collect$$libinit$$00000015)
    .ARM.Collect$$libinit$$00000017          0x08000180   Section        0  libinit2.o(.ARM.Collect$$libinit$$00000017)
    .ARM.Collect$$libinit$$00000018          0x08000180   Section       10  libinit2.o(.ARM.Collect$$libinit$$00000018)
    .ARM.Collect$$libinit$$00000019          0x0800018a   Section        0  libinit2.o(.ARM.Collect$$libinit$$00000019)
    .ARM.Collect$$libinit$$0000001B          0x0800018a   Section        0  libinit2.o(.ARM.Collect$$libinit$$0000001B)
    .ARM.Collect$$libinit$$0000001D          0x0800018a   Section        0  libinit2.o(.ARM.Collect$$libinit$$0000001D)
    .ARM.Collect$$libinit$$0000001F          0x0800018a   Section        0  libinit2.o(.ARM.Collect$$libinit$$0000001F)
    .ARM.Collect$$libinit$$00000021          0x0800018a   Section        0  libinit2.o(.ARM.Collect$$libinit$$00000021)
    .ARM.Collect$$libinit$$00000023          0x0800018a   Section        0  libinit2.o(.ARM.Collect$$libinit$$00000023)
    .ARM.Collect$$libinit$$00000025          0x0800018a   Section        0  libinit2.o(.ARM.Collect$$libinit$$00000025)
    .ARM.Collect$$libinit$$00000027          0x0800018a   Section        0  libinit2.o(.ARM.Collect$$libinit$$00000027)
    .ARM.Collect$$libinit$$0000002E          0x0800018a   Section        0  libinit2.o(.ARM.Collect$$libinit$$0000002E)
    .ARM.Collect$$libinit$$00000030          0x0800018a   Section        0  libinit2.o(.ARM.Collect$$libinit$$00000030)
    .ARM.Collect$$libinit$$00000032          0x0800018a   Section        0  libinit2.o(.ARM.Collect$$libinit$$00000032)
    .ARM.Collect$$libinit$$00000033          0x0800018a   Section        4  libinit2.o(.ARM.Collect$$libinit$$00000033)
    .ARM.Collect$$libinit$$00000034          0x0800018e   Section        0  libinit2.o(.ARM.Collect$$libinit$$00000034)
    .ARM.Collect$$libinit$$00000035          0x0800018e   Section        2  libinit2.o(.ARM.Collect$$libinit$$00000035)
    .ARM.Collect$$libshutdown$$00000000      0x08000190   Section        2  libshutdown.o(.ARM.Collect$$libshutdown$$00000000)
    .ARM.Collect$$libshutdown$$00000001      0x08000192   Section        6  libshutdown2.o(.ARM.Collect$$libshutdown$$00000001)
    .ARM.Collect$$libshutdown$$00000002      0x08000198   Section        0  libshutdown2.o(.ARM.Collect$$libshutdown$$00000002)
    .ARM.Collect$$libshutdown$$00000004      0x08000198   Section        0  libshutdown2.o(.ARM.Collect$$libshutdown$$00000004)
    .ARM.Collect$$libshutdown$$00000007      0x08000198   Section        0  libshutdown2.o(.ARM.Collect$$libshutdown$$00000007)
    .ARM.Collect$$libshutdown$$0000000A      0x08000198   Section        0  libshutdown2.o(.ARM.Collect$$libshutdown$$0000000A)
    .ARM.Collect$$libshutdown$$0000000C      0x08000198   Section        0  libshutdown2.o(.ARM.Collect$$libshutdown$$0000000C)
    .ARM.Collect$$libshutdown$$0000000F      0x08000198   Section        0  libshutdown2.o(.ARM.Collect$$libshutdown$$0000000F)
    .ARM.Collect$$libshutdown$$00000010      0x08000198   Section        2  libshutdown2.o(.ARM.Collect$$libshutdown$$00000010)
    .ARM.Collect$$rtentry$$00000000          0x0800019a   Section        0  __rtentry.o(.ARM.Collect$$rtentry$$00000000)
    .ARM.Collect$$rtentry$$00000002          0x0800019a   Section        0  __rtentry2.o(.ARM.Collect$$rtentry$$00000002)
    .ARM.Collect$$rtentry$$00000004          0x0800019a   Section        6  __rtentry4.o(.ARM.Collect$$rtentry$$00000004)
    .ARM.Collect$$rtentry$$00000009          0x080001a0   Section        0  __rtentry2.o(.ARM.Collect$$rtentry$$00000009)
    .ARM.Collect$$rtentry$$0000000A          0x080001a0   Section        4  __rtentry2.o(.ARM.Collect$$rtentry$$0000000A)
    .ARM.Collect$$rtentry$$0000000C          0x080001a4   Section        0  __rtentry2.o(.ARM.Collect$$rtentry$$0000000C)
    .ARM.Collect$$rtentry$$0000000D          0x080001a4   Section        8  __rtentry2.o(.ARM.Collect$$rtentry$$0000000D)
    .ARM.Collect$$rtexit$$00000000           0x080001ac   Section        2  rtexit.o(.ARM.Collect$$rtexit$$00000000)
    .ARM.Collect$$rtexit$$00000002           0x080001ae   Section        0  rtexit2.o(.ARM.Collect$$rtexit$$00000002)
    .ARM.Collect$$rtexit$$00000003           0x080001ae   Section        4  rtexit2.o(.ARM.Collect$$rtexit$$00000003)
    .ARM.Collect$$rtexit$$00000004           0x080001b2   Section        6  rtexit2.o(.ARM.Collect$$rtexit$$00000004)
    .text                                    0x080001b8   Section       64  startup_stm32f103xb.o(.text)
    .text                                    0x080001f8   Section      240  lludivv7m.o(.text)
    .text                                    0x080002e8   Section        0  cxa_atexit.o(.text)
    .text                                    0x080002f2   Section        0  heapauxi.o(.text)
    .text                                    0x080002f8   Section        0  init_aeabi.o(.text)
    .text                                    0x0800031c   Section        0  h1_alloc.o(.text)
    .text                                    0x0800037a   Section        0  h1_free.o(.text)
    .text                                    0x080003c8   Section        0  _printf_str.o(.text)
    .text                                    0x0800041a   Section        0  abort.o(.text)
    .text                                    0x08000430   Section        0  aeabi_atexit.o(.text)
    .text                                    0x0800045e   Section      138  rt_memcpy_v6.o(.text)
    .text                                    0x080004e8   Section      132  rt_memmove_v6.o(.text)
    .text                                    0x0800056c   Section        0  sys_exit.o(.text)
    .text                                    0x08000578   Section        8  libspace.o(.text)
    .text                                    0x08000580   Section        8  rt_heap_descriptor_intlibspace.o(.text)
    .text                                    0x08000588   Section        8  rt_ddtor_pointer_addr_intlibspace.o(.text)
    .text                                    0x08000590   Section        0  hguard.o(.text)
    .text                                    0x08000594   Section        0  init_alloc.o(.text)
    .text                                    0x0800061e   Section        0  h1_init.o(.text)
    _fp_digits                               0x0800062d   Thumb Code   432  _printf_fp_dec.o(.text)
    .text                                    0x0800062c   Section        0  _printf_fp_dec.o(.text)
    .text                                    0x08000a48   Section        0  _printf_char.o(.text)
    .text                                    0x08000a74   Section        0  cxa_finalize.o(.text)
    .text                                    0x08000ab6   Section        0  defsig_abrt_outer.o(.text)
    .text                                    0x08000ac4   Section      100  rt_memcpy_w.o(.text)
    .text                                    0x08000b28   Section      122  rt_memmove_w.o(.text)
    .text                                    0x08000ba2   Section        2  use_no_semi.o(.text)
    .text                                    0x08000ba4   Section        0  indicate_semi.o(.text)
    .text                                    0x08000ba4   Section       74  sys_stackheap_outer.o(.text)
    .text                                    0x08000bf0   Section        8  rt_locale_intlibspace.o(.text)
    .text                                    0x08000bf8   Section        0  maybetermalloc1.o(.text)
    .text                                    0x08000bf8   Section        0  h1_extend.o(.text)
    .text                                    0x08000c2c   Section      138  lludiv10.o(.text)
    .text                                    0x08000cb8   Section        0  _printf_fp_infnan.o(.text)
    .text                                    0x08000d38   Section        0  bigflt0.o(.text)
    .text                                    0x08000e1c   Section        0  exit.o(.text)
    .text                                    0x08000e2e   Section        0  defsig_exit.o(.text)
    .text                                    0x08000e38   Section        0  defsig_abrt_inner.o(.text)
    .text                                    0x08000e68   Section        0  defsig_rtmem_outer.o(.text)
    .text                                    0x08000e76   Section        0  defsig_general.o(.text)
    .text                                    0x08000ea8   Section        0  defsig_rtmem_inner.o(.text)
    .text                                    0x08000ef8   Section      128  strcmpv7m.o(.text)
    .text                                    0x08000f78   Section        0  sys_wrch.o(.text)
    [Anonymous Symbol]                       0x08000f88   Section        0  stm32f1xx_it.o(.text.BusFault_Handler)
    [Anonymous Symbol]                       0x08000f8c   Section        0  stm32f1xx_it.o(.text.DebugMon_Handler)
    [Anonymous Symbol]                       0x08000f90   Section        0  stm32f1xx_hal.o(.text.HAL_GetTick)
    [Anonymous Symbol]                       0x08000f9c   Section        0  stm32f1xx_hal.o(.text.HAL_IncTick)
    [Anonymous Symbol]                       0x08000fb8   Section        0  stm32f1xx_hal.o(.text.HAL_Init)
    [Anonymous Symbol]                       0x08000fe0   Section        0  stm32f1xx_hal.o(.text.HAL_InitTick)
    [Anonymous Symbol]                       0x08001028   Section        0  stm32f1xx_hal_msp.o(.text.HAL_MspInit)
    [Anonymous Symbol]                       0x0800106c   Section        0  stm32f1xx_hal_cortex.o(.text.HAL_NVIC_EnableIRQ)
    [Anonymous Symbol]                       0x08001094   Section        0  stm32f1xx_hal_cortex.o(.text.HAL_NVIC_SetPriority)
    [Anonymous Symbol]                       0x080010ec   Section        0  stm32f1xx_hal_cortex.o(.text.HAL_NVIC_SetPriorityGrouping)
    [Anonymous Symbol]                       0x0800110c   Section        0  stm32f1xx_hal_rcc.o(.text.HAL_RCC_CSSCallback)
    [Anonymous Symbol]                       0x08001110   Section        0  stm32f1xx_hal_rcc.o(.text.HAL_RCC_ClockConfig)
    [Anonymous Symbol]                       0x080012d0   Section        0  stm32f1xx_hal_rcc.o(.text.HAL_RCC_EnableCSS)
    [Anonymous Symbol]                       0x080012dc   Section        0  stm32f1xx_hal_rcc.o(.text.HAL_RCC_NMI_IRQHandler)
    [Anonymous Symbol]                       0x080012f8   Section        0  stm32f1xx_hal_rcc.o(.text.HAL_RCC_OscConfig)
    [Anonymous Symbol]                       0x080016ac   Section        0  stm32f1xx_hal_cortex.o(.text.HAL_SYSTICK_Config)
    [Anonymous Symbol]                       0x080016d8   Section        0  stm32f1xx_hal_tim_ex.o(.text.HAL_TIMEx_BreakCallback)
    [Anonymous Symbol]                       0x080016dc   Section        0  stm32f1xx_hal_tim_ex.o(.text.HAL_TIMEx_CommutCallback)
    [Anonymous Symbol]                       0x080016e0   Section        0  stm32f1xx_hal_tim_ex.o(.text.HAL_TIMEx_MasterConfigSynchronization)
    [Anonymous Symbol]                       0x0800175c   Section        0  stm32f1xx_hal_tim.o(.text.HAL_TIM_Base_Init)
    [Anonymous Symbol]                       0x08001848   Section        0  stm32f1xx_hal_msp.o(.text.HAL_TIM_Base_MspInit)
    [Anonymous Symbol]                       0x08001888   Section        0  stm32f1xx_hal_tim.o(.text.HAL_TIM_Base_Start_IT)
    [Anonymous Symbol]                       0x080018f8   Section        0  stm32f1xx_hal_tim.o(.text.HAL_TIM_ConfigClockSource)
    [Anonymous Symbol]                       0x08001a8c   Section        0  stm32f1xx_hal_tim.o(.text.HAL_TIM_IC_CaptureCallback)
    [Anonymous Symbol]                       0x08001a90   Section        0  stm32f1xx_hal_tim.o(.text.HAL_TIM_IRQHandler)
    [Anonymous Symbol]                       0x08001c00   Section        0  stm32f1xx_hal_tim.o(.text.HAL_TIM_OC_DelayElapsedCallback)
    [Anonymous Symbol]                       0x08001c04   Section        0  stm32f1xx_hal_tim.o(.text.HAL_TIM_PWM_PulseFinishedCallback)
    [Anonymous Symbol]                       0x08001c08   Section        0  main.o(.text.HAL_TIM_PeriodElapsedCallback)
    [Anonymous Symbol]                       0x08001c28   Section        0  stm32f1xx_hal_tim.o(.text.HAL_TIM_TriggerCallback)
    [Anonymous Symbol]                       0x08001c2c   Section        0  stm32f1xx_it.o(.text.HardFault_Handler)
    [Anonymous Symbol]                       0x08001c30   Section        0  stm32f1xx_it.o(.text.MemManage_Handler)
    [Anonymous Symbol]                       0x08001c34   Section        0  stm32f1xx_it.o(.text.NMI_Handler)
    [Anonymous Symbol]                       0x08001c3c   Section        0  stm32f1xx_it.o(.text.PendSV_Handler)
    [Anonymous Symbol]                       0x08001c40   Section        0  stm32f1xx_it.o(.text.SVC_Handler)
    [Anonymous Symbol]                       0x08001c44   Section        0  stm32f1xx_it.o(.text.SysTick_Handler)
    [Anonymous Symbol]                       0x08001c48   Section        0  system_stm32f1xx.o(.text.SystemInit)
    [Anonymous Symbol]                       0x08001c4c   Section        0  stm32f1xx_it.o(.text.TIM2_IRQHandler)
    [Anonymous Symbol]                       0x08001c58   Section        0  stm32f1xx_it.o(.text.UsageFault_Handler)
    _GLOBAL__sub_I_main.cpp                  0x08001c5d   Thumb Code    54  main.o(.text._GLOBAL__sub_I_main.cpp)
    [Anonymous Symbol]                       0x08001c5c   Section        0  main.o(.text._GLOBAL__sub_I_main.cpp)
    [Anonymous Symbol]                       0x08001c94   Section        0  timercontrol.o(.text._ZN12TimerControl17setClockFrequencyEj)
    [Anonymous Symbol]                       0x08001c98   Section        0  timercontrol.o(.text._ZN12TimerControl21PeriodElapsedCallbackEv)
    [Anonymous Symbol]                       0x08001cc4   Section        0  timercontrol.o(.text._ZN12TimerControl4initEv)
    [Anonymous Symbol]                       0x08001d84   Section        0  timercontrol.o(.text._ZN12TimerControl5delayEj)
    [Anonymous Symbol]                       0x08001e30   Section        0  timercontrol.o(.text._ZN12TimerControl5startEv)
    [Anonymous Symbol]                       0x08001edc   Section        0  timercontrol.o(.text._ZN12TimerControl6millisEv)
    [Anonymous Symbol]                       0x08001f2c   Section        0  timercontrol.o(.text._ZN12TimerControlC2EP17TIM_HandleTypeDef)
    [Anonymous Symbol]                       0x08001f50   Section        0  main.o(.text._ZN12TimerControlD2Ev)
    [Anonymous Symbol]                       0x08001f74   Section        0  string.cpp.o(.text._ZNSt3__212basic_stringIcNS_11char_traitsIcEENS_9allocatorIcEEE17__assign_externalEPKcj)
    [Anonymous Symbol]                       0x08001fe0   Section        0  string.cpp.o(.text._ZNSt3__212basic_stringIcNS_11char_traitsIcEENS_9allocatorIcEEE21__grow_by_and_replaceEjjjjjjPKc)
    [Anonymous Symbol]                       0x080020ac   Section        0  cxa_handlers.cpp.o(.text._ZSt15get_new_handlerv)
    [Anonymous Symbol]                       0x080020b8   Section        0  new.cpp.o(.text._ZdlPv)
    [Anonymous Symbol]                       0x080020bc   Section        0  new.cpp.o(.text._ZdlPvj)
    [Anonymous Symbol]                       0x080020c0   Section        0  new.cpp.o(.text._Znwj)
    [Anonymous Symbol]                       0x080020e8   Section        0  main.o(.text.main)
    CL$$btod_d2e                             0x08002236   Section       62  btod.o(CL$$btod_d2e)
    CL$$btod_d2e_denorm_low                  0x08002274   Section       70  btod.o(CL$$btod_d2e_denorm_low)
    CL$$btod_d2e_norm_op1                    0x080022ba   Section       96  btod.o(CL$$btod_d2e_norm_op1)
    CL$$btod_div_common                      0x0800231c   Section      824  btod.o(CL$$btod_div_common)
    CL$$btod_e2e                             0x08002654   Section      220  btod.o(CL$$btod_e2e)
    CL$$btod_ediv                            0x08002730   Section       42  btod.o(CL$$btod_ediv)
    CL$$btod_emul                            0x0800275a   Section       42  btod.o(CL$$btod_emul)
    CL$$btod_mult_common                     0x08002784   Section      580  btod.o(CL$$btod_mult_common)
    i.__ARM_fpclassify                       0x080029c8   Section        0  fpclassify.o(i.__ARM_fpclassify)
    locale$$code                             0x080029f0   Section       44  lc_numeric_c.o(locale$$code)
    x$fpl$dadd                               0x08002a1c   Section      336  daddsub_clz.o(x$fpl$dadd)
    _dadd1                                   0x08002a2d   Thumb Code     0  daddsub_clz.o(x$fpl$dadd)
    x$fpl$ddiv                               0x08002b6c   Section      692  ddiv.o(x$fpl$ddiv)
    ddiv_entry                               0x08002b73   Thumb Code     0  ddiv.o(x$fpl$ddiv)
    x$fpl$dfltu                              0x08002e20   Section       38  dflt_clz.o(x$fpl$dfltu)
    x$fpl$dmul                               0x08002e48   Section      340  dmul.o(x$fpl$dmul)
    x$fpl$dnaninf                            0x08002f9c   Section      156  dnaninf.o(x$fpl$dnaninf)
    x$fpl$dretinf                            0x08003038   Section       12  dretinf.o(x$fpl$dretinf)
    x$fpl$dsub                               0x08003044   Section      476  daddsub_clz.o(x$fpl$dsub)
    _dsub1                                   0x08003055   Thumb Code     0  daddsub_clz.o(x$fpl$dsub)
    x$fpl$llufromd                           0x08003220   Section      120  dfixull.o(x$fpl$llufromd)
    x$fpl$printf1                            0x08003298   Section        4  printf1.o(x$fpl$printf1)
    tenpwrs_x                                0x0800329c   Data          60  bigflt0.o(.constdata)
    .constdata                               0x0800329c   Section      148  bigflt0.o(.constdata)
    x$fpl$usenofp                            0x0800329c   Section        0  usenofp.o(x$fpl$usenofp)
    tenpwrs_i                                0x080032d8   Data          64  bigflt0.o(.constdata)
    .L__const.HAL_RCC_GetSysClockFreq.aPredivFactorTable 0x08003330   Data           2  stm32f1xx_hal_rcc.o(.rodata..L__const.HAL_RCC_GetSysClockFreq.aPredivFactorTable)
    .L__const.HAL_RCC_GetSysClockFreq.aPLLMULFactorTable 0x08003342   Data          16  stm32f1xx_hal_rcc.o(.rodata.cst16)
    .L.str.5                                 0x08003352   Data          60  timercontrol.o(.rodata.str1.1)
    [Anonymous Symbol]                       0x08003352   Section        0  timercontrol.o(.rodata.str1.1)
    locale$$data                             0x080033b0   Section       28  lc_numeric_c.o(locale$$data)
    __lcnum_c_name                           0x080033b4   Data           2  lc_numeric_c.o(locale$$data)
    __lcnum_c_start                          0x080033bc   Data           0  lc_numeric_c.o(locale$$data)
    __lcnum_c_point                          0x080033c8   Data           0  lc_numeric_c.o(locale$$data)
    __lcnum_c_thousands                      0x080033ca   Data           0  lc_numeric_c.o(locale$$data)
    __lcnum_c_grouping                       0x080033cb   Data           0  lc_numeric_c.o(locale$$data)
    __lcnum_c_end                            0x080033cc   Data           0  lc_numeric_c.o(locale$$data)
    .init_array                              0x080033d0   Section        0  init_aeabi.o(.init_array)
    .L_MergedGlobals                         0x20000000   Data           8  stm32f1xx_hal.o(.data..L_MergedGlobals)
    [Anonymous Symbol]                       0x20000000   Section        0  stm32f1xx_hal.o(.data..L_MergedGlobals)
    .bss                                     0x20000010   Section       96  libspace.o(.bss)
    .L_MergedGlobals                         0x20000070   Data          72  main.o(.bss..L_MergedGlobals)
    [Anonymous Symbol]                       0x20000070   Section        0  main.o(.bss..L_MergedGlobals)
    Heap_Mem                                 0x20000108   Data         512  startup_stm32f103xb.o(HEAP)
    HEAP                                     0x20000108   Section      512  startup_stm32f103xb.o(HEAP)
    Stack_Mem                                0x20000308   Data        1024  startup_stm32f103xb.o(STACK)
    STACK                                    0x20000308   Section     1024  startup_stm32f103xb.o(STACK)
    __initial_sp                             0x20000708   Data           0  startup_stm32f103xb.o(STACK)

    Global Symbols

    Symbol Name                              Value     Ov Type        Size  Object(Section)

    BuildAttributes$$THM_ISAv4$P$D$K$B$S$PE$A:L22UL41UL21$X:L11$S22US41US21$IEEE1$IW$~IW$USESV6$~STKCKD$USESV7$~SHL$OTIME$ROPI$IEEEX$EBA8$UX$STANDARDLIB$REQ8$PRES8$EABIv2 0x00000000   Number         0  anon$$obj.o ABSOLUTE
    __fp_init_empty                          0x00000000   Number         0  fpinit_empty.o ABSOLUTE
    _printf_flags                            0x00000000   Number         0  printf_stubs.o ABSOLUTE
    _printf_return_value                     0x00000000   Number         0  printf_stubs.o ABSOLUTE
    _printf_sizespec                         0x00000000   Number         0  printf_stubs.o ABSOLUTE
    _printf_widthprec                        0x00000000   Number         0  printf_stubs.o ABSOLUTE
    __ARM_exceptions_init                     - Undefined Weak Reference
    __alloca_initialize                       - Undefined Weak Reference
    __arm_preinit_                            - Undefined Weak Reference
    __arm_relocate_pie_                       - Undefined Weak Reference
    __sigvec_lookup                           - Undefined Weak Reference
    __user_heap_extent                        - Undefined Weak Reference
    _atexit_init                              - Undefined Weak Reference
    _call_atexit_fns                          - Undefined Weak Reference
    _clock_init                               - Undefined Weak Reference
    _fp_trap_init                             - Undefined Weak Reference
    _fp_trap_shutdown                         - Undefined Weak Reference
    _get_lc_collate                           - Undefined Weak Reference
    _get_lc_monetary                          - Undefined Weak Reference
    _get_lc_time                              - Undefined Weak Reference
    _getenv_init                              - Undefined Weak Reference
    _handle_redirection                       - Undefined Weak Reference
    _mutex_acquire                            - Undefined Weak Reference
    _mutex_free                               - Undefined Weak Reference
    _mutex_release                            - Undefined Weak Reference
    _printf_mbtowc                            - Undefined Weak Reference
    _printf_post_padding                      - Undefined Weak Reference
    _printf_pre_padding                       - Undefined Weak Reference
    _rand_init                                - Undefined Weak Reference
    _signal_finish                            - Undefined Weak Reference
    _signal_init                              - Undefined Weak Reference
    __Vectors_Size                           0x000000ec   Number         0  startup_stm32f103xb.o ABSOLUTE
    __Vectors                                0x08000000   Data           4  startup_stm32f103xb.o(RESET)
    __dso_handle                             0x08000000   Number         0  startup_stm32f103xb.o(RESET)
    __Vectors_End                            0x080000ec   Data           0  startup_stm32f103xb.o(RESET)
    __main                                   0x080000ed   Thumb Code     8  __main.o(!!!main)
    __scatterload                            0x080000f5   Thumb Code     0  __scatter.o(!!!scatter)
    __scatterload_rt2                        0x080000f5   Thumb Code    44  __scatter.o(!!!scatter)
    __scatterload_rt2_thumb_only             0x080000f5   Thumb Code     0  __scatter.o(!!!scatter)
    __scatterload_null                       0x08000103   Thumb Code     0  __scatter.o(!!!scatter)
    __scatterload_copy                       0x08000129   Thumb Code    26  __scatter_copy.o(!!handler_copy)
    __scatterload_zeroinit                   0x08000145   Thumb Code    28  __scatter_zi.o(!!handler_zi)
    _printf_f                                0x08000161   Thumb Code     0  _printf_f.o(.ARM.Collect$$_printf_percent$$00000003)
    _printf_percent                          0x08000161   Thumb Code     0  _printf_percent.o(.ARM.Collect$$_printf_percent$$00000000)
    _printf_s                                0x08000167   Thumb Code     0  _printf_s.o(.ARM.Collect$$_printf_percent$$00000014)
    _printf_percent_end                      0x0800016d   Thumb Code     0  _printf_percent_end.o(.ARM.Collect$$_printf_percent$$00000017)
    __rt_lib_init                            0x08000171   Thumb Code     0  libinit.o(.ARM.Collect$$libinit$$00000000)
    __rt_lib_init_fp_1                       0x08000173   Thumb Code     0  libinit2.o(.ARM.Collect$$libinit$$00000002)
    __rt_lib_init_heap_2                     0x08000173   Thumb Code     0  libinit2.o(.ARM.Collect$$libinit$$00000007)
    __rt_lib_init_preinit_1                  0x08000173   Thumb Code     0  libinit2.o(.ARM.Collect$$libinit$$00000006)
    __rt_lib_init_relocate_pie_1             0x08000173   Thumb Code     0  libinit2.o(.ARM.Collect$$libinit$$00000004)
    __rt_lib_init_heap_1                     0x0800017b   Thumb Code     0  libinit2.o(.ARM.Collect$$libinit$$0000000C)
    __rt_lib_init_lc_common                  0x0800017b   Thumb Code     0  libinit2.o(.ARM.Collect$$libinit$$00000011)
    __rt_lib_init_rand_1                     0x0800017b   Thumb Code     0  libinit2.o(.ARM.Collect$$libinit$$00000010)
    __rt_lib_init_user_alloc_1               0x0800017b   Thumb Code     0  libinit2.o(.ARM.Collect$$libinit$$0000000E)
    __rt_lib_init_lc_collate_1               0x08000181   Thumb Code     0  libinit2.o(.ARM.Collect$$libinit$$00000013)
    __rt_lib_init_lc_ctype_1                 0x08000181   Thumb Code     0  libinit2.o(.ARM.Collect$$libinit$$00000015)
    __rt_lib_init_lc_monetary_1              0x08000181   Thumb Code     0  libinit2.o(.ARM.Collect$$libinit$$00000017)
    __rt_lib_init_lc_numeric_2               0x08000181   Thumb Code     0  libinit2.o(.ARM.Collect$$libinit$$00000018)
    __rt_lib_init_alloca_1                   0x0800018b   Thumb Code     0  libinit2.o(.ARM.Collect$$libinit$$00000030)
    __rt_lib_init_argv_1                     0x0800018b   Thumb Code     0  libinit2.o(.ARM.Collect$$libinit$$0000002E)
    __rt_lib_init_atexit_1                   0x0800018b   Thumb Code     0  libinit2.o(.ARM.Collect$$libinit$$0000001D)
    __rt_lib_init_clock_1                    0x0800018b   Thumb Code     0  libinit2.o(.ARM.Collect$$libinit$$00000023)
    __rt_lib_init_cpp_2                      0x0800018b   Thumb Code     0  libinit2.o(.ARM.Collect$$libinit$$00000033)
    __rt_lib_init_exceptions_1               0x0800018b   Thumb Code     0  libinit2.o(.ARM.Collect$$libinit$$00000032)
    __rt_lib_init_fp_trap_1                  0x0800018b   Thumb Code     0  libinit2.o(.ARM.Collect$$libinit$$00000021)
    __rt_lib_init_getenv_1                   0x0800018b   Thumb Code     0  libinit2.o(.ARM.Collect$$libinit$$00000025)
    __rt_lib_init_lc_numeric_1               0x0800018b   Thumb Code     0  libinit2.o(.ARM.Collect$$libinit$$00000019)
    __rt_lib_init_lc_time_1                  0x0800018b   Thumb Code     0  libinit2.o(.ARM.Collect$$libinit$$0000001B)
    __rt_lib_init_signal_1                   0x0800018b   Thumb Code     0  libinit2.o(.ARM.Collect$$libinit$$0000001F)
    __rt_lib_init_stdio_1                    0x0800018b   Thumb Code     0  libinit2.o(.ARM.Collect$$libinit$$00000027)
    __rt_lib_init_cpp_1                      0x0800018f   Thumb Code     0  libinit2.o(.ARM.Collect$$libinit$$00000034)
    __rt_lib_init_return                     0x0800018f   Thumb Code     0  libinit2.o(.ARM.Collect$$libinit$$00000035)
    __rt_lib_shutdown                        0x08000191   Thumb Code     0  libshutdown.o(.ARM.Collect$$libshutdown$$00000000)
    __rt_lib_shutdown_cpp_2                  0x08000193   Thumb Code     0  libshutdown2.o(.ARM.Collect$$libshutdown$$00000001)
    __rt_lib_shutdown_cpp_1                  0x08000199   Thumb Code     0  libshutdown2.o(.ARM.Collect$$libshutdown$$00000002)
    __rt_lib_shutdown_fp_trap_1              0x08000199   Thumb Code     0  libshutdown2.o(.ARM.Collect$$libshutdown$$00000007)
    __rt_lib_shutdown_heap_1                 0x08000199   Thumb Code     0  libshutdown2.o(.ARM.Collect$$libshutdown$$0000000F)
    __rt_lib_shutdown_return                 0x08000199   Thumb Code     0  libshutdown2.o(.ARM.Collect$$libshutdown$$00000010)
    __rt_lib_shutdown_signal_1               0x08000199   Thumb Code     0  libshutdown2.o(.ARM.Collect$$libshutdown$$0000000A)
    __rt_lib_shutdown_stdio_1                0x08000199   Thumb Code     0  libshutdown2.o(.ARM.Collect$$libshutdown$$00000004)
    __rt_lib_shutdown_user_alloc_1           0x08000199   Thumb Code     0  libshutdown2.o(.ARM.Collect$$libshutdown$$0000000C)
    __rt_entry                               0x0800019b   Thumb Code     0  __rtentry.o(.ARM.Collect$$rtentry$$00000000)
    __rt_entry_presh_1                       0x0800019b   Thumb Code     0  __rtentry2.o(.ARM.Collect$$rtentry$$00000002)
    __rt_entry_sh                            0x0800019b   Thumb Code     0  __rtentry4.o(.ARM.Collect$$rtentry$$00000004)
    __rt_entry_li                            0x080001a1   Thumb Code     0  __rtentry2.o(.ARM.Collect$$rtentry$$0000000A)
    __rt_entry_postsh_1                      0x080001a1   Thumb Code     0  __rtentry2.o(.ARM.Collect$$rtentry$$00000009)
    __rt_entry_main                          0x080001a5   Thumb Code     0  __rtentry2.o(.ARM.Collect$$rtentry$$0000000D)
    __rt_entry_postli_1                      0x080001a5   Thumb Code     0  __rtentry2.o(.ARM.Collect$$rtentry$$0000000C)
    __rt_exit                                0x080001ad   Thumb Code     0  rtexit.o(.ARM.Collect$$rtexit$$00000000)
    __rt_exit_ls                             0x080001af   Thumb Code     0  rtexit2.o(.ARM.Collect$$rtexit$$00000003)
    __rt_exit_prels_1                        0x080001af   Thumb Code     0  rtexit2.o(.ARM.Collect$$rtexit$$00000002)
    __rt_exit_exit                           0x080001b3   Thumb Code     0  rtexit2.o(.ARM.Collect$$rtexit$$00000004)
    Reset_Handler                            0x080001b9   Thumb Code     8  startup_stm32f103xb.o(.text)
    ADC1_2_IRQHandler                        0x080001d3   Thumb Code     0  startup_stm32f103xb.o(.text)
    CAN1_RX1_IRQHandler                      0x080001d3   Thumb Code     0  startup_stm32f103xb.o(.text)
    CAN1_SCE_IRQHandler                      0x080001d3   Thumb Code     0  startup_stm32f103xb.o(.text)
    DMA1_Channel1_IRQHandler                 0x080001d3   Thumb Code     0  startup_stm32f103xb.o(.text)
    DMA1_Channel2_IRQHandler                 0x080001d3   Thumb Code     0  startup_stm32f103xb.o(.text)
    DMA1_Channel3_IRQHandler                 0x080001d3   Thumb Code     0  startup_stm32f103xb.o(.text)
    DMA1_Channel4_IRQHandler                 0x080001d3   Thumb Code     0  startup_stm32f103xb.o(.text)
    DMA1_Channel5_IRQHandler                 0x080001d3   Thumb Code     0  startup_stm32f103xb.o(.text)
    DMA1_Channel6_IRQHandler                 0x080001d3   Thumb Code     0  startup_stm32f103xb.o(.text)
    DMA1_Channel7_IRQHandler                 0x080001d3   Thumb Code     0  startup_stm32f103xb.o(.text)
    EXTI0_IRQHandler                         0x080001d3   Thumb Code     0  startup_stm32f103xb.o(.text)
    EXTI15_10_IRQHandler                     0x080001d3   Thumb Code     0  startup_stm32f103xb.o(.text)
    EXTI1_IRQHandler                         0x080001d3   Thumb Code     0  startup_stm32f103xb.o(.text)
    EXTI2_IRQHandler                         0x080001d3   Thumb Code     0  startup_stm32f103xb.o(.text)
    EXTI3_IRQHandler                         0x080001d3   Thumb Code     0  startup_stm32f103xb.o(.text)
    EXTI4_IRQHandler                         0x080001d3   Thumb Code     0  startup_stm32f103xb.o(.text)
    EXTI9_5_IRQHandler                       0x080001d3   Thumb Code     0  startup_stm32f103xb.o(.text)
    FLASH_IRQHandler                         0x080001d3   Thumb Code     0  startup_stm32f103xb.o(.text)
    I2C1_ER_IRQHandler                       0x080001d3   Thumb Code     0  startup_stm32f103xb.o(.text)
    I2C1_EV_IRQHandler                       0x080001d3   Thumb Code     0  startup_stm32f103xb.o(.text)
    I2C2_ER_IRQHandler                       0x080001d3   Thumb Code     0  startup_stm32f103xb.o(.text)
    I2C2_EV_IRQHandler                       0x080001d3   Thumb Code     0  startup_stm32f103xb.o(.text)
    PVD_IRQHandler                           0x080001d3   Thumb Code     0  startup_stm32f103xb.o(.text)
    RCC_IRQHandler                           0x080001d3   Thumb Code     0  startup_stm32f103xb.o(.text)
    RTC_Alarm_IRQHandler                     0x080001d3   Thumb Code     0  startup_stm32f103xb.o(.text)
    RTC_IRQHandler                           0x080001d3   Thumb Code     0  startup_stm32f103xb.o(.text)
    SPI1_IRQHandler                          0x080001d3   Thumb Code     0  startup_stm32f103xb.o(.text)
    SPI2_IRQHandler                          0x080001d3   Thumb Code     0  startup_stm32f103xb.o(.text)
    TAMPER_IRQHandler                        0x080001d3   Thumb Code     0  startup_stm32f103xb.o(.text)
    TIM1_BRK_IRQHandler                      0x080001d3   Thumb Code     0  startup_stm32f103xb.o(.text)
    TIM1_CC_IRQHandler                       0x080001d3   Thumb Code     0  startup_stm32f103xb.o(.text)
    TIM1_TRG_COM_IRQHandler                  0x080001d3   Thumb Code     0  startup_stm32f103xb.o(.text)
    TIM1_UP_IRQHandler                       0x080001d3   Thumb Code     0  startup_stm32f103xb.o(.text)
    TIM3_IRQHandler                          0x080001d3   Thumb Code     0  startup_stm32f103xb.o(.text)
    TIM4_IRQHandler                          0x080001d3   Thumb Code     0  startup_stm32f103xb.o(.text)
    USART1_IRQHandler                        0x080001d3   Thumb Code     0  startup_stm32f103xb.o(.text)
    USART2_IRQHandler                        0x080001d3   Thumb Code     0  startup_stm32f103xb.o(.text)
    USART3_IRQHandler                        0x080001d3   Thumb Code     0  startup_stm32f103xb.o(.text)
    USBWakeUp_IRQHandler                     0x080001d3   Thumb Code     0  startup_stm32f103xb.o(.text)
    USB_HP_CAN1_TX_IRQHandler                0x080001d3   Thumb Code     0  startup_stm32f103xb.o(.text)
    USB_LP_CAN1_RX0_IRQHandler               0x080001d3   Thumb Code     0  startup_stm32f103xb.o(.text)
    WWDG_IRQHandler                          0x080001d3   Thumb Code     0  startup_stm32f103xb.o(.text)
    __user_initial_stackheap                 0x080001d5   Thumb Code     0  startup_stm32f103xb.o(.text)
    __aeabi_uldivmod                         0x080001f9   Thumb Code     0  lludivv7m.o(.text)
    _ll_udiv                                 0x080001f9   Thumb Code   240  lludivv7m.o(.text)
    __cxa_atexit                             0x080002e9   Thumb Code    10  cxa_atexit.o(.text)
    __use_two_region_memory                  0x080002f3   Thumb Code     2  heapauxi.o(.text)
    __rt_heap_escrow                         0x080002f5   Thumb Code     2  heapauxi.o(.text)
    __rt_heap_expand                         0x080002f7   Thumb Code     2  heapauxi.o(.text)
    __cpp_initialize__aeabi_                 0x080002f9   Thumb Code    28  init_aeabi.o(.text)
    malloc                                   0x0800031d   Thumb Code    94  h1_alloc.o(.text)
    free                                     0x0800037b   Thumb Code    78  h1_free.o(.text)
    _printf_str                              0x080003c9   Thumb Code    82  _printf_str.o(.text)
    abort                                    0x0800041b   Thumb Code    22  abort.o(.text)
    __aeabi_atexit                           0x08000431   Thumb Code    46  aeabi_atexit.o(.text)
    __aeabi_memcpy                           0x0800045f   Thumb Code     0  rt_memcpy_v6.o(.text)
    __rt_memcpy                              0x0800045f   Thumb Code   138  rt_memcpy_v6.o(.text)
    _memcpy_lastbytes                        0x080004c5   Thumb Code     0  rt_memcpy_v6.o(.text)
    __aeabi_memmove                          0x080004e9   Thumb Code     0  rt_memmove_v6.o(.text)
    __rt_memmove                             0x080004e9   Thumb Code   132  rt_memmove_v6.o(.text)
    __memmove_lastfew                        0x08000549   Thumb Code     0  rt_memmove_v6.o(.text)
    _sys_exit                                0x0800056d   Thumb Code     8  sys_exit.o(.text)
    __user_libspace                          0x08000579   Thumb Code     8  libspace.o(.text)
    __user_perproc_libspace                  0x08000579   Thumb Code     0  libspace.o(.text)
    __user_perthread_libspace                0x08000579   Thumb Code     0  libspace.o(.text)
    __rt_heap_descriptor                     0x08000581   Thumb Code     8  rt_heap_descriptor_intlibspace.o(.text)
    __rt_ddtor_pointer_addr                  0x08000589   Thumb Code     8  rt_ddtor_pointer_addr_intlibspace.o(.text)
    __use_no_heap                            0x08000591   Thumb Code     2  hguard.o(.text)
    __heap$guard                             0x08000593   Thumb Code     2  hguard.o(.text)
    _terminate_user_alloc                    0x08000595   Thumb Code     2  init_alloc.o(.text)
    _init_user_alloc                         0x08000597   Thumb Code     2  init_alloc.o(.text)
    __Heap_Full                              0x08000599   Thumb Code    34  init_alloc.o(.text)
    __Heap_Broken                            0x080005bb   Thumb Code     6  init_alloc.o(.text)
    _init_alloc                              0x080005c1   Thumb Code    94  init_alloc.o(.text)
    __Heap_Initialize                        0x0800061f   Thumb Code    10  h1_init.o(.text)
    __Heap_DescSize                          0x08000629   Thumb Code     4  h1_init.o(.text)
    _printf_fp_dec_real                      0x080007dd   Thumb Code   620  _printf_fp_dec.o(.text)
    _printf_cs_common                        0x08000a49   Thumb Code    20  _printf_char.o(.text)
    _printf_char                             0x08000a5d   Thumb Code    16  _printf_char.o(.text)
    _printf_string                           0x08000a6d   Thumb Code     8  _printf_char.o(.text)
    __cxa_finalize                           0x08000a75   Thumb Code    66  cxa_finalize.o(.text)
    __rt_SIGABRT                             0x08000ab7   Thumb Code    14  defsig_abrt_outer.o(.text)
    __aeabi_memcpy4                          0x08000ac5   Thumb Code     0  rt_memcpy_w.o(.text)
    __aeabi_memcpy8                          0x08000ac5   Thumb Code     0  rt_memcpy_w.o(.text)
    __rt_memcpy_w                            0x08000ac5   Thumb Code   100  rt_memcpy_w.o(.text)
    _memcpy_lastbytes_aligned                0x08000b0d   Thumb Code     0  rt_memcpy_w.o(.text)
    __aeabi_memmove4                         0x08000b29   Thumb Code     0  rt_memmove_w.o(.text)
    __aeabi_memmove8                         0x08000b29   Thumb Code     0  rt_memmove_w.o(.text)
    __rt_memmove_w                           0x08000b29   Thumb Code   122  rt_memmove_w.o(.text)
    __memmove_aligned                        0x08000b4f   Thumb Code     0  rt_memmove_w.o(.text)
    __memmove_lastfew_aligned                0x08000b87   Thumb Code     0  rt_memmove_w.o(.text)
    __I$use$semihosting                      0x08000ba3   Thumb Code     0  use_no_semi.o(.text)
    __use_no_semihosting_swi                 0x08000ba3   Thumb Code     2  use_no_semi.o(.text)
    __semihosting_library_function           0x08000ba5   Thumb Code     0  indicate_semi.o(.text)
    __user_setup_stackheap                   0x08000ba5   Thumb Code    74  sys_stackheap_outer.o(.text)
    __rt_locale                              0x08000bf1   Thumb Code     8  rt_locale_intlibspace.o(.text)
    __Heap_ProvideMemory                     0x08000bf9   Thumb Code    52  h1_extend.o(.text)
    _maybe_terminate_alloc                   0x08000bf9   Thumb Code     0  maybetermalloc1.o(.text)
    _ll_udiv10                               0x08000c2d   Thumb Code   138  lludiv10.o(.text)
    _printf_fp_infnan                        0x08000cb9   Thumb Code   112  _printf_fp_infnan.o(.text)
    _btod_etento                             0x08000d39   Thumb Code   224  bigflt0.o(.text)
    exit                                     0x08000e1d   Thumb Code    18  exit.o(.text)
    __sig_exit                               0x08000e2f   Thumb Code    10  defsig_exit.o(.text)
    __rt_SIGABRT_inner                       0x08000e39   Thumb Code    14  defsig_abrt_inner.o(.text)
    __rt_SIGRTMEM                            0x08000e69   Thumb Code    14  defsig_rtmem_outer.o(.text)
    __default_signal_display                 0x08000e77   Thumb Code    50  defsig_general.o(.text)
    __rt_SIGRTMEM_inner                      0x08000ea9   Thumb Code    22  defsig_rtmem_inner.o(.text)
    strcmp                                   0x08000ef9   Thumb Code   128  strcmpv7m.o(.text)
    _ttywrch                                 0x08000f79   Thumb Code    14  sys_wrch.o(.text)
    BusFault_Handler                         0x08000f89   Thumb Code     2  stm32f1xx_it.o(.text.BusFault_Handler)
    DebugMon_Handler                         0x08000f8d   Thumb Code     2  stm32f1xx_it.o(.text.DebugMon_Handler)
    HAL_GetTick                              0x08000f91   Thumb Code    12  stm32f1xx_hal.o(.text.HAL_GetTick)
    HAL_IncTick                              0x08000f9d   Thumb Code    26  stm32f1xx_hal.o(.text.HAL_IncTick)
    HAL_Init                                 0x08000fb9   Thumb Code    38  stm32f1xx_hal.o(.text.HAL_Init)
    HAL_InitTick                             0x08000fe1   Thumb Code    72  stm32f1xx_hal.o(.text.HAL_InitTick)
    HAL_MspInit                              0x08001029   Thumb Code    66  stm32f1xx_hal_msp.o(.text.HAL_MspInit)
    HAL_NVIC_EnableIRQ                       0x0800106d   Thumb Code    38  stm32f1xx_hal_cortex.o(.text.HAL_NVIC_EnableIRQ)
    HAL_NVIC_SetPriority                     0x08001095   Thumb Code    86  stm32f1xx_hal_cortex.o(.text.HAL_NVIC_SetPriority)
    HAL_NVIC_SetPriorityGrouping             0x080010ed   Thumb Code    32  stm32f1xx_hal_cortex.o(.text.HAL_NVIC_SetPriorityGrouping)
    HAL_RCC_CSSCallback                      0x0800110d   Thumb Code     2  stm32f1xx_hal_rcc.o(.text.HAL_RCC_CSSCallback)
    HAL_RCC_ClockConfig                      0x08001111   Thumb Code   446  stm32f1xx_hal_rcc.o(.text.HAL_RCC_ClockConfig)
    HAL_RCC_EnableCSS                        0x080012d1   Thumb Code    12  stm32f1xx_hal_rcc.o(.text.HAL_RCC_EnableCSS)
    HAL_RCC_NMI_IRQHandler                   0x080012dd   Thumb Code    28  stm32f1xx_hal_rcc.o(.text.HAL_RCC_NMI_IRQHandler)
    HAL_RCC_OscConfig                        0x080012f9   Thumb Code   948  stm32f1xx_hal_rcc.o(.text.HAL_RCC_OscConfig)
    HAL_SYSTICK_Config                       0x080016ad   Thumb Code    44  stm32f1xx_hal_cortex.o(.text.HAL_SYSTICK_Config)
    HAL_TIMEx_BreakCallback                  0x080016d9   Thumb Code     2  stm32f1xx_hal_tim_ex.o(.text.HAL_TIMEx_BreakCallback)
    HAL_TIMEx_CommutCallback                 0x080016dd   Thumb Code     2  stm32f1xx_hal_tim_ex.o(.text.HAL_TIMEx_CommutCallback)
    HAL_TIMEx_MasterConfigSynchronization    0x080016e1   Thumb Code   122  stm32f1xx_hal_tim_ex.o(.text.HAL_TIMEx_MasterConfigSynchronization)
    HAL_TIM_Base_Init                        0x0800175d   Thumb Code   236  stm32f1xx_hal_tim.o(.text.HAL_TIM_Base_Init)
    HAL_TIM_Base_MspInit                     0x08001849   Thumb Code    64  stm32f1xx_hal_msp.o(.text.HAL_TIM_Base_MspInit)
    HAL_TIM_Base_Start_IT                    0x08001889   Thumb Code   110  stm32f1xx_hal_tim.o(.text.HAL_TIM_Base_Start_IT)
    HAL_TIM_ConfigClockSource                0x080018f9   Thumb Code   402  stm32f1xx_hal_tim.o(.text.HAL_TIM_ConfigClockSource)
    HAL_TIM_IC_CaptureCallback               0x08001a8d   Thumb Code     2  stm32f1xx_hal_tim.o(.text.HAL_TIM_IC_CaptureCallback)
    HAL_TIM_IRQHandler                       0x08001a91   Thumb Code   368  stm32f1xx_hal_tim.o(.text.HAL_TIM_IRQHandler)
    HAL_TIM_OC_DelayElapsedCallback          0x08001c01   Thumb Code     2  stm32f1xx_hal_tim.o(.text.HAL_TIM_OC_DelayElapsedCallback)
    HAL_TIM_PWM_PulseFinishedCallback        0x08001c05   Thumb Code     2  stm32f1xx_hal_tim.o(.text.HAL_TIM_PWM_PulseFinishedCallback)
    HAL_TIM_PeriodElapsedCallback            0x08001c09   Thumb Code    32  main.o(.text.HAL_TIM_PeriodElapsedCallback)
    HAL_TIM_TriggerCallback                  0x08001c29   Thumb Code     2  stm32f1xx_hal_tim.o(.text.HAL_TIM_TriggerCallback)
    HardFault_Handler                        0x08001c2d   Thumb Code     2  stm32f1xx_it.o(.text.HardFault_Handler)
    MemManage_Handler                        0x08001c31   Thumb Code     2  stm32f1xx_it.o(.text.MemManage_Handler)
    NMI_Handler                              0x08001c35   Thumb Code     6  stm32f1xx_it.o(.text.NMI_Handler)
    PendSV_Handler                           0x08001c3d   Thumb Code     2  stm32f1xx_it.o(.text.PendSV_Handler)
    SVC_Handler                              0x08001c41   Thumb Code     2  stm32f1xx_it.o(.text.SVC_Handler)
    SysTick_Handler                          0x08001c45   Thumb Code     4  stm32f1xx_it.o(.text.SysTick_Handler)
    SystemInit                               0x08001c49   Thumb Code     2  system_stm32f1xx.o(.text.SystemInit)
    TIM2_IRQHandler                          0x08001c4d   Thumb Code    12  stm32f1xx_it.o(.text.TIM2_IRQHandler)
    UsageFault_Handler                       0x08001c59   Thumb Code     2  stm32f1xx_it.o(.text.UsageFault_Handler)
    TimerControl::setClockFrequency(unsigned int) 0x08001c95   Thumb Code     4  timercontrol.o(.text._ZN12TimerControl17setClockFrequencyEj)
    TimerControl::PeriodElapsedCallback()    0x08001c99   Thumb Code    42  timercontrol.o(.text._ZN12TimerControl21PeriodElapsedCallbackEv)
    TimerControl::init()                     0x08001cc5   Thumb Code   140  timercontrol.o(.text._ZN12TimerControl4initEv)
    TimerControl::delay(unsigned int)        0x08001d85   Thumb Code   170  timercontrol.o(.text._ZN12TimerControl5delayEj)
    TimerControl::start()                    0x08001e31   Thumb Code    56  timercontrol.o(.text._ZN12TimerControl5startEv)
    TimerControl::millis()                   0x08001edd   Thumb Code    80  timercontrol.o(.text._ZN12TimerControl6millisEv)
    TimerControl::TimerControl(TIM_HandleTypeDef*) 0x08001f2d   Thumb Code    36  timercontrol.o(.text._ZN12TimerControlC2EP17TIM_HandleTypeDef)
    TimerControl::TimerControl__sub_object(TIM_HandleTypeDef*) 0x08001f2d   Thumb Code    36  timercontrol.o(.text._ZN12TimerControlC2EP17TIM_HandleTypeDef)
    TimerControl::~TimerControl__sub_object() 0x08001f51   Thumb Code    36  main.o(.text._ZN12TimerControlD2Ev)
    std::__2::basic_string<char, std::__2::char_traits<char>, std::__2::allocator<char>>::__assign_external(char const*, unsigned int) 0x08001f75   Thumb Code   108  string.cpp.o(.text._ZNSt3__212basic_stringIcNS_11char_traitsIcEENS_9allocatorIcEEE17__assign_externalEPKcj)
    std::__2::basic_string<char, std::__2::char_traits<char>, std::__2::allocator<char>>::__grow_by_and_replace(unsigned int, unsigned int, unsigned int, unsigned int, unsigned int, unsigned int, char const*) 0x08001fe1   Thumb Code   204  string.cpp.o(.text._ZNSt3__212basic_stringIcNS_11char_traitsIcEENS_9allocatorIcEEE21__grow_by_and_replaceEjjjjjjPKc)
    std::get_new_handler()                   0x080020ad   Thumb Code    12  cxa_handlers.cpp.o(.text._ZSt15get_new_handlerv)
    operator delete(void*)                   0x080020b9   Thumb Code     4  new.cpp.o(.text._ZdlPv)
    operator delete(void*, unsigned int)     0x080020bd   Thumb Code     4  new.cpp.o(.text._ZdlPvj)
    operator new(unsigned int)               0x080020c1   Thumb Code    38  new.cpp.o(.text._Znwj)
    main                                     0x080020e9   Thumb Code   334  main.o(.text.main)
    _btod_d2e                                0x08002237   Thumb Code    62  btod.o(CL$$btod_d2e)
    _d2e_denorm_low                          0x08002275   Thumb Code    70  btod.o(CL$$btod_d2e_denorm_low)
    _d2e_norm_op1                            0x080022bb   Thumb Code    96  btod.o(CL$$btod_d2e_norm_op1)
    __btod_div_common                        0x0800231d   Thumb Code   696  btod.o(CL$$btod_div_common)
    _e2e                                     0x08002655   Thumb Code   220  btod.o(CL$$btod_e2e)
    _btod_ediv                               0x08002731   Thumb Code    42  btod.o(CL$$btod_ediv)
    _btod_emul                               0x0800275b   Thumb Code    42  btod.o(CL$$btod_emul)
    __btod_mult_common                       0x08002785   Thumb Code   580  btod.o(CL$$btod_mult_common)
    __ARM_fpclassify                         0x080029c9   Thumb Code    40  fpclassify.o(i.__ARM_fpclassify)
    _get_lc_numeric                          0x080029f1   Thumb Code    44  lc_numeric_c.o(locale$$code)
    __aeabi_dadd                             0x08002a1d   Thumb Code     0  daddsub_clz.o(x$fpl$dadd)
    _dadd                                    0x08002a1d   Thumb Code   332  daddsub_clz.o(x$fpl$dadd)
    __aeabi_ddiv                             0x08002b6d   Thumb Code     0  ddiv.o(x$fpl$ddiv)
    _ddiv                                    0x08002b6d   Thumb Code   556  ddiv.o(x$fpl$ddiv)
    __aeabi_ui2d                             0x08002e21   Thumb Code     0  dflt_clz.o(x$fpl$dfltu)
    _dfltu                                   0x08002e21   Thumb Code    38  dflt_clz.o(x$fpl$dfltu)
    __aeabi_dmul                             0x08002e49   Thumb Code     0  dmul.o(x$fpl$dmul)
    _dmul                                    0x08002e49   Thumb Code   332  dmul.o(x$fpl$dmul)
    __fpl_dnaninf                            0x08002f9d   Thumb Code   156  dnaninf.o(x$fpl$dnaninf)
    __fpl_dretinf                            0x08003039   Thumb Code    12  dretinf.o(x$fpl$dretinf)
    __aeabi_dsub                             0x08003045   Thumb Code     0  daddsub_clz.o(x$fpl$dsub)
    _dsub                                    0x08003045   Thumb Code   472  daddsub_clz.o(x$fpl$dsub)
    __aeabi_d2ulz                            0x08003221   Thumb Code     0  dfixull.o(x$fpl$llufromd)
    _ll_ufrom_d                              0x08003221   Thumb Code   120  dfixull.o(x$fpl$llufromd)
    _printf_fp_dec                           0x08003299   Thumb Code     4  printf1.o(x$fpl$printf1)
    __I$use$fp                               0x0800329c   Number         0  usenofp.o(x$fpl$usenofp)
    AHBPrescTable                            0x08003332   Data          16  system_stm32f1xx.o(.rodata.AHBPrescTable)
    Region$$Table$$Base                      0x08003390   Number         0  anon$$obj.o(Region$$Table)
    Region$$Table$$Limit                     0x080033b0   Number         0  anon$$obj.o(Region$$Table)
    SHT$$INIT_ARRAY$$Base                    0x080033cc   Number         0  main.o(.init_array)
    SHT$$INIT_ARRAY$$Limit                   0x080033d0   Number         0  init_aeabi.o(.init_array)
    uwTickFreq                               0x20000000   Data           1  stm32f1xx_hal.o(.data..L_MergedGlobals)
    uwTickPrio                               0x20000004   Data           4  stm32f1xx_hal.o(.data..L_MergedGlobals)
    SystemCoreClock                          0x20000008   Data           4  system_stm32f1xx.o(.data.SystemCoreClock)
    __libspace_start                         0x20000010   Data          96  libspace.o(.bss)
    T                                        0x20000070   Data           8  main.o(.bss..L_MergedGlobals)
    __temporary_stack_top$libspace           0x20000070   Data           0  libspace.o(.bss)
    timer                                    0x20000078   Data          64  main.o(.bss..L_MergedGlobals)
    __cxa_new_handler                        0x200000b8   Data           4  cxa_default_handlers.cpp.o(.bss.__cxa_new_handler)
    htim2                                    0x200000bc   Data          72  main.o(.bss.htim2)
    uwTick                                   0x20000104   Data           4  stm32f1xx_hal.o(.bss.uwTick)



==============================================================================

Memory Map of the image

  Image Entry point : 0x080000ed

  Load Region LR_IROM1 (Base: 0x08000000, Size: 0x000033e0, Max: 0x00010000, ABSOLUTE)

    Execution Region ER_IROM1 (Exec base: 0x08000000, Load base: 0x08000000, Size: 0x000033d0, Max: 0x00010000, ABSOLUTE)

    Exec Addr    Load Addr    Size         Type   Attr      Idx    E Section Name        Object

    0x08000000   0x08000000   0x000000ec   Data   RO            3    RESET               startup_stm32f103xb.o
    0x080000ec   0x080000ec   0x00000008   Code   RO          800  * !!!main             c_w.l(__main.o)
    0x080000f4   0x080000f4   0x00000034   Code   RO         1880    !!!scatter          c_w.l(__scatter.o)
    0x08000128   0x08000128   0x0000001a   Code   RO         1882    !!handler_copy      c_w.l(__scatter_copy.o)
    0x08000142   0x08000142   0x00000002   PAD
    0x08000144   0x08000144   0x0000001c   Code   RO         1884    !!handler_zi        c_w.l(__scatter_zi.o)
    0x08000160   0x08000160   0x00000000   Code   RO         1283    .ARM.Collect$$_printf_percent$$00000000  c_w.l(_printf_percent.o)
    0x08000160   0x08000160   0x00000006   Code   RO         1282    .ARM.Collect$$_printf_percent$$00000003  c_w.l(_printf_f.o)
    0x08000166   0x08000166   0x00000006   Code   RO         1281    .ARM.Collect$$_printf_percent$$00000014  c_w.l(_printf_s.o)
    0x0800016c   0x0800016c   0x00000004   Code   RO         1508    .ARM.Collect$$_printf_percent$$00000017  c_w.l(_printf_percent_end.o)
    0x08000170   0x08000170   0x00000002   Code   RO         1700    .ARM.Collect$$libinit$$00000000  c_w.l(libinit.o)
    0x08000172   0x08000172   0x00000000   Code   RO         1335    .ARM.Collect$$libinit$$00000002  c_w.l(libinit2.o)
    0x08000172   0x08000172   0x00000000   Code   RO         1337    .ARM.Collect$$libinit$$00000004  c_w.l(libinit2.o)
    0x08000172   0x08000172   0x00000000   Code   RO         1339    .ARM.Collect$$libinit$$00000006  c_w.l(libinit2.o)
    0x08000172   0x08000172   0x00000008   Code   RO         1340    .ARM.Collect$$libinit$$00000007  c_w.l(libinit2.o)
    0x0800017a   0x0800017a   0x00000000   Code   RO         1342    .ARM.Collect$$libinit$$0000000C  c_w.l(libinit2.o)
    0x0800017a   0x0800017a   0x00000000   Code   RO         1344    .ARM.Collect$$libinit$$0000000E  c_w.l(libinit2.o)
    0x0800017a   0x0800017a   0x00000000   Code   RO         1346    .ARM.Collect$$libinit$$00000010  c_w.l(libinit2.o)
    0x0800017a   0x0800017a   0x00000006   Code   RO         1347    .ARM.Collect$$libinit$$00000011  c_w.l(libinit2.o)
    0x08000180   0x08000180   0x00000000   Code   RO         1349    .ARM.Collect$$libinit$$00000013  c_w.l(libinit2.o)
    0x08000180   0x08000180   0x00000000   Code   RO         1351    .ARM.Collect$$libinit$$00000015  c_w.l(libinit2.o)
    0x08000180   0x08000180   0x00000000   Code   RO         1353    .ARM.Collect$$libinit$$00000017  c_w.l(libinit2.o)
    0x08000180   0x08000180   0x0000000a   Code   RO         1354    .ARM.Collect$$libinit$$00000018  c_w.l(libinit2.o)
    0x0800018a   0x0800018a   0x00000000   Code   RO         1355    .ARM.Collect$$libinit$$00000019  c_w.l(libinit2.o)
    0x0800018a   0x0800018a   0x00000000   Code   RO         1357    .ARM.Collect$$libinit$$0000001B  c_w.l(libinit2.o)
    0x0800018a   0x0800018a   0x00000000   Code   RO         1359    .ARM.Collect$$libinit$$0000001D  c_w.l(libinit2.o)
    0x0800018a   0x0800018a   0x00000000   Code   RO         1361    .ARM.Collect$$libinit$$0000001F  c_w.l(libinit2.o)
    0x0800018a   0x0800018a   0x00000000   Code   RO         1363    .ARM.Collect$$libinit$$00000021  c_w.l(libinit2.o)
    0x0800018a   0x0800018a   0x00000000   Code   RO         1365    .ARM.Collect$$libinit$$00000023  c_w.l(libinit2.o)
    0x0800018a   0x0800018a   0x00000000   Code   RO         1367    .ARM.Collect$$libinit$$00000025  c_w.l(libinit2.o)
    0x0800018a   0x0800018a   0x00000000   Code   RO         1369    .ARM.Collect$$libinit$$00000027  c_w.l(libinit2.o)
    0x0800018a   0x0800018a   0x00000000   Code   RO         1373    .ARM.Collect$$libinit$$0000002E  c_w.l(libinit2.o)
    0x0800018a   0x0800018a   0x00000000   Code   RO         1375    .ARM.Collect$$libinit$$00000030  c_w.l(libinit2.o)
    0x0800018a   0x0800018a   0x00000000   Code   RO         1377    .ARM.Collect$$libinit$$00000032  c_w.l(libinit2.o)
    0x0800018a   0x0800018a   0x00000004   Code   RO         1378    .ARM.Collect$$libinit$$00000033  c_w.l(libinit2.o)
    0x0800018e   0x0800018e   0x00000000   Code   RO         1379    .ARM.Collect$$libinit$$00000034  c_w.l(libinit2.o)
    0x0800018e   0x0800018e   0x00000002   Code   RO         1380    .ARM.Collect$$libinit$$00000035  c_w.l(libinit2.o)
    0x08000190   0x08000190   0x00000002   Code   RO         1833    .ARM.Collect$$libshutdown$$00000000  c_w.l(libshutdown.o)
    0x08000192   0x08000192   0x00000006   Code   RO         1701    .ARM.Collect$$libshutdown$$00000001  c_w.l(libshutdown2.o)
    0x08000198   0x08000198   0x00000000   Code   RO         1702    .ARM.Collect$$libshutdown$$00000002  c_w.l(libshutdown2.o)
    0x08000198   0x08000198   0x00000000   Code   RO         1704    .ARM.Collect$$libshutdown$$00000004  c_w.l(libshutdown2.o)
    0x08000198   0x08000198   0x00000000   Code   RO         1707    .ARM.Collect$$libshutdown$$00000007  c_w.l(libshutdown2.o)
    0x08000198   0x08000198   0x00000000   Code   RO         1710    .ARM.Collect$$libshutdown$$0000000A  c_w.l(libshutdown2.o)
    0x08000198   0x08000198   0x00000000   Code   RO         1712    .ARM.Collect$$libshutdown$$0000000C  c_w.l(libshutdown2.o)
    0x08000198   0x08000198   0x00000000   Code   RO         1715    .ARM.Collect$$libshutdown$$0000000F  c_w.l(libshutdown2.o)
    0x08000198   0x08000198   0x00000002   Code   RO         1716    .ARM.Collect$$libshutdown$$00000010  c_w.l(libshutdown2.o)
    0x0800019a   0x0800019a   0x00000000   Code   RO         1169    .ARM.Collect$$rtentry$$00000000  c_w.l(__rtentry.o)
    0x0800019a   0x0800019a   0x00000000   Code   RO         1444    .ARM.Collect$$rtentry$$00000002  c_w.l(__rtentry2.o)
    0x0800019a   0x0800019a   0x00000006   Code   RO         1456    .ARM.Collect$$rtentry$$00000004  c_w.l(__rtentry4.o)
    0x080001a0   0x080001a0   0x00000000   Code   RO         1446    .ARM.Collect$$rtentry$$00000009  c_w.l(__rtentry2.o)
    0x080001a0   0x080001a0   0x00000004   Code   RO         1447    .ARM.Collect$$rtentry$$0000000A  c_w.l(__rtentry2.o)
    0x080001a4   0x080001a4   0x00000000   Code   RO         1449    .ARM.Collect$$rtentry$$0000000C  c_w.l(__rtentry2.o)
    0x080001a4   0x080001a4   0x00000008   Code   RO         1450    .ARM.Collect$$rtentry$$0000000D  c_w.l(__rtentry2.o)
    0x080001ac   0x080001ac   0x00000002   Code   RO         1727    .ARM.Collect$$rtexit$$00000000  c_w.l(rtexit.o)
    0x080001ae   0x080001ae   0x00000000   Code   RO         1762    .ARM.Collect$$rtexit$$00000002  c_w.l(rtexit2.o)
    0x080001ae   0x080001ae   0x00000004   Code   RO         1763    .ARM.Collect$$rtexit$$00000003  c_w.l(rtexit2.o)
    0x080001b2   0x080001b2   0x00000006   Code   RO         1764    .ARM.Collect$$rtexit$$00000004  c_w.l(rtexit2.o)
    0x080001b8   0x080001b8   0x00000040   Code   RO            4    .text               startup_stm32f103xb.o
    0x080001f8   0x080001f8   0x000000f0   Code   RO          790    .text               c_w.l(lludivv7m.o)
    0x080002e8   0x080002e8   0x0000000a   Code   RO          795    .text               c_w.l(cxa_atexit.o)
    0x080002f2   0x080002f2   0x00000006   Code   RO          798    .text               c_w.l(heapauxi.o)
    0x080002f8   0x080002f8   0x00000024   Code   RO          805    .text               c_w.l(init_aeabi.o)
    0x0800031c   0x0800031c   0x0000005e   Code   RO         1183    .text               c_w.l(h1_alloc.o)
    0x0800037a   0x0800037a   0x0000004e   Code   RO         1185    .text               c_w.l(h1_free.o)
    0x080003c8   0x080003c8   0x00000052   Code   RO         1259    .text               c_w.l(_printf_str.o)
    0x0800041a   0x0800041a   0x00000016   Code   RO         1306    .text               c_w.l(abort.o)
    0x08000430   0x08000430   0x0000002e   Code   RO         1311    .text               c_w.l(aeabi_atexit.o)
    0x0800045e   0x0800045e   0x0000008a   Code   RO         1326    .text               c_w.l(rt_memcpy_v6.o)
    0x080004e8   0x080004e8   0x00000084   Code   RO         1328    .text               c_w.l(rt_memmove_v6.o)
    0x0800056c   0x0800056c   0x0000000c   Code   RO         1434    .text               c_w.l(sys_exit.o)
    0x08000578   0x08000578   0x00000008   Code   RO         1438    .text               c_w.l(libspace.o)
    0x08000580   0x08000580   0x00000008   Code   RO         1465    .text               c_w.l(rt_heap_descriptor_intlibspace.o)
    0x08000588   0x08000588   0x00000008   Code   RO         1470    .text               c_w.l(rt_ddtor_pointer_addr_intlibspace.o)
    0x08000590   0x08000590   0x00000004   Code   RO         1472    .text               c_w.l(hguard.o)
    0x08000594   0x08000594   0x0000008a   Code   RO         1474    .text               c_w.l(init_alloc.o)
    0x0800061e   0x0800061e   0x0000000e   Code   RO         1478    .text               c_w.l(h1_init.o)
    0x0800062c   0x0800062c   0x0000041c   Code   RO         1492    .text               c_w.l(_printf_fp_dec.o)
    0x08000a48   0x08000a48   0x0000002c   Code   RO         1500    .text               c_w.l(_printf_char.o)
    0x08000a74   0x08000a74   0x00000042   Code   RO         1533    .text               c_w.l(cxa_finalize.o)
    0x08000ab6   0x08000ab6   0x0000000e   Code   RO         1536    .text               c_w.l(defsig_abrt_outer.o)
    0x08000ac4   0x08000ac4   0x00000064   Code   RO         1540    .text               c_w.l(rt_memcpy_w.o)
    0x08000b28   0x08000b28   0x0000007a   Code   RO         1542    .text               c_w.l(rt_memmove_w.o)
    0x08000ba2   0x08000ba2   0x00000002   Code   RO         1576    .text               c_w.l(use_no_semi.o)
    0x08000ba4   0x08000ba4   0x00000000   Code   RO         1578    .text               c_w.l(indicate_semi.o)
    0x08000ba4   0x08000ba4   0x0000004a   Code   RO         1579    .text               c_w.l(sys_stackheap_outer.o)
    0x08000bee   0x08000bee   0x00000002   PAD
    0x08000bf0   0x08000bf0   0x00000008   Code   RO         1586    .text               c_w.l(rt_locale_intlibspace.o)
    0x08000bf8   0x08000bf8   0x00000000   Code   RO         1590    .text               c_w.l(maybetermalloc1.o)
    0x08000bf8   0x08000bf8   0x00000034   Code   RO         1592    .text               c_w.l(h1_extend.o)
    0x08000c2c   0x08000c2c   0x0000008a   Code   RO         1596    .text               c_w.l(lludiv10.o)
    0x08000cb6   0x08000cb6   0x00000002   PAD
    0x08000cb8   0x08000cb8   0x00000080   Code   RO         1602    .text               c_w.l(_printf_fp_infnan.o)
    0x08000d38   0x08000d38   0x000000e4   Code   RO         1616    .text               c_w.l(bigflt0.o)
    0x08000e1c   0x08000e1c   0x00000012   Code   RO         1670    .text               c_w.l(exit.o)
    0x08000e2e   0x08000e2e   0x0000000a   Code   RO         1672    .text               c_w.l(defsig_exit.o)
    0x08000e38   0x08000e38   0x00000030   Code   RO         1674    .text               c_w.l(defsig_abrt_inner.o)
    0x08000e68   0x08000e68   0x0000000e   Code   RO         1684    .text               c_w.l(defsig_rtmem_outer.o)
    0x08000e76   0x08000e76   0x00000032   Code   RO         1745    .text               c_w.l(defsig_general.o)
    0x08000ea8   0x08000ea8   0x00000050   Code   RO         1751    .text               c_w.l(defsig_rtmem_inner.o)
    0x08000ef8   0x08000ef8   0x00000080   Code   RO         1753    .text               c_w.l(strcmpv7m.o)
    0x08000f78   0x08000f78   0x0000000e   Code   RO         1757    .text               c_w.l(sys_wrch.o)
    0x08000f86   0x08000f86   0x00000002   PAD
    0x08000f88   0x08000f88   0x00000002   Code   RO           17    .text.BusFault_Handler  stm32f1xx_it.o
    0x08000f8a   0x08000f8a   0x00000002   PAD
    0x08000f8c   0x08000f8c   0x00000002   Code   RO           23    .text.DebugMon_Handler  stm32f1xx_it.o
    0x08000f8e   0x08000f8e   0x00000002   PAD
    0x08000f90   0x08000f90   0x0000000c   Code   RO          420    .text.HAL_GetTick   stm32f1xx_hal.o
    0x08000f9c   0x08000f9c   0x0000001a   Code   RO          418    .text.HAL_IncTick   stm32f1xx_hal.o
    0x08000fb6   0x08000fb6   0x00000002   PAD
    0x08000fb8   0x08000fb8   0x00000026   Code   RO          408    .text.HAL_Init      stm32f1xx_hal.o
    0x08000fde   0x08000fde   0x00000002   PAD
    0x08000fe0   0x08000fe0   0x00000048   Code   RO          410    .text.HAL_InitTick  stm32f1xx_hal.o
    0x08001028   0x08001028   0x00000042   Code   RO           38    .text.HAL_MspInit   stm32f1xx_hal_msp.o
    0x0800106a   0x0800106a   0x00000002   PAD
    0x0800106c   0x0800106c   0x00000026   Code   RO          580    .text.HAL_NVIC_EnableIRQ  stm32f1xx_hal_cortex.o
    0x08001092   0x08001092   0x00000002   PAD
    0x08001094   0x08001094   0x00000056   Code   RO          578    .text.HAL_NVIC_SetPriority  stm32f1xx_hal_cortex.o
    0x080010ea   0x080010ea   0x00000002   PAD
    0x080010ec   0x080010ec   0x00000020   Code   RO          576    .text.HAL_NVIC_SetPriorityGrouping  stm32f1xx_hal_cortex.o
    0x0800110c   0x0800110c   0x00000002   Code   RO          494    .text.HAL_RCC_CSSCallback  stm32f1xx_hal_rcc.o
    0x0800110e   0x0800110e   0x00000002   PAD
    0x08001110   0x08001110   0x000001be   Code   RO          472    .text.HAL_RCC_ClockConfig  stm32f1xx_hal_rcc.o
    0x080012ce   0x080012ce   0x00000002   PAD
    0x080012d0   0x080012d0   0x0000000c   Code   RO          478    .text.HAL_RCC_EnableCSS  stm32f1xx_hal_rcc.o
    0x080012dc   0x080012dc   0x0000001c   Code   RO          492    .text.HAL_RCC_NMI_IRQHandler  stm32f1xx_hal_rcc.o
    0x080012f8   0x080012f8   0x000003b4   Code   RO          470    .text.HAL_RCC_OscConfig  stm32f1xx_hal_rcc.o
    0x080016ac   0x080016ac   0x0000002c   Code   RO          588    .text.HAL_SYSTICK_Config  stm32f1xx_hal_cortex.o
    0x080016d8   0x080016d8   0x00000002   Code   RO          394    .text.HAL_TIMEx_BreakCallback  stm32f1xx_hal_tim_ex.o
    0x080016da   0x080016da   0x00000002   PAD
    0x080016dc   0x080016dc   0x00000002   Code   RO          390    .text.HAL_TIMEx_CommutCallback  stm32f1xx_hal_tim_ex.o
    0x080016de   0x080016de   0x00000002   PAD
    0x080016e0   0x080016e0   0x0000007a   Code   RO          384    .text.HAL_TIMEx_MasterConfigSynchronization  stm32f1xx_hal_tim_ex.o
    0x0800175a   0x0800175a   0x00000002   PAD
    0x0800175c   0x0800175c   0x000000ec   Code   RO           90    .text.HAL_TIM_Base_Init  stm32f1xx_hal_tim.o
    0x08001848   0x08001848   0x00000040   Code   RO           40    .text.HAL_TIM_Base_MspInit  stm32f1xx_hal_msp.o
    0x08001888   0x08001888   0x0000006e   Code   RO          104    .text.HAL_TIM_Base_Start_IT  stm32f1xx_hal_tim.o
    0x080018f6   0x080018f6   0x00000002   PAD
    0x080018f8   0x080018f8   0x00000192   Code   RO          270    .text.HAL_TIM_ConfigClockSource  stm32f1xx_hal_tim.o
    0x08001a8a   0x08001a8a   0x00000002   PAD
    0x08001a8c   0x08001a8c   0x00000002   Code   RO          226    .text.HAL_TIM_IC_CaptureCallback  stm32f1xx_hal_tim.o
    0x08001a8e   0x08001a8e   0x00000002   PAD
    0x08001a90   0x08001a90   0x00000170   Code   RO          224    .text.HAL_TIM_IRQHandler  stm32f1xx_hal_tim.o
    0x08001c00   0x08001c00   0x00000002   Code   RO          228    .text.HAL_TIM_OC_DelayElapsedCallback  stm32f1xx_hal_tim.o
    0x08001c02   0x08001c02   0x00000002   PAD
    0x08001c04   0x08001c04   0x00000002   Code   RO          230    .text.HAL_TIM_PWM_PulseFinishedCallback  stm32f1xx_hal_tim.o
    0x08001c06   0x08001c06   0x00000002   PAD
    0x08001c08   0x08001c08   0x00000020   Code   RO           52    .text.HAL_TIM_PeriodElapsedCallback  main.o
    0x08001c28   0x08001c28   0x00000002   Code   RO          234    .text.HAL_TIM_TriggerCallback  stm32f1xx_hal_tim.o
    0x08001c2a   0x08001c2a   0x00000002   PAD
    0x08001c2c   0x08001c2c   0x00000002   Code   RO           13    .text.HardFault_Handler  stm32f1xx_it.o
    0x08001c2e   0x08001c2e   0x00000002   PAD
    0x08001c30   0x08001c30   0x00000002   Code   RO           15    .text.MemManage_Handler  stm32f1xx_it.o
    0x08001c32   0x08001c32   0x00000002   PAD
    0x08001c34   0x08001c34   0x00000006   Code   RO           11    .text.NMI_Handler   stm32f1xx_it.o
    0x08001c3a   0x08001c3a   0x00000002   PAD
    0x08001c3c   0x08001c3c   0x00000002   Code   RO           25    .text.PendSV_Handler  stm32f1xx_it.o
    0x08001c3e   0x08001c3e   0x00000002   PAD
    0x08001c40   0x08001c40   0x00000002   Code   RO           21    .text.SVC_Handler   stm32f1xx_it.o
    0x08001c42   0x08001c42   0x00000002   PAD
    0x08001c44   0x08001c44   0x00000004   Code   RO           27    .text.SysTick_Handler  stm32f1xx_it.o
    0x08001c48   0x08001c48   0x00000002   Code   RO          741    .text.SystemInit    system_stm32f1xx.o
    0x08001c4a   0x08001c4a   0x00000002   PAD
    0x08001c4c   0x08001c4c   0x0000000c   Code   RO           29    .text.TIM2_IRQHandler  stm32f1xx_it.o
    0x08001c58   0x08001c58   0x00000002   Code   RO           19    .text.UsageFault_Handler  stm32f1xx_it.o
    0x08001c5a   0x08001c5a   0x00000002   PAD
    0x08001c5c   0x08001c5c   0x00000036   Code   RO           60    .text._GLOBAL__sub_I_main.cpp  main.o
    0x08001c92   0x08001c92   0x00000002   PAD
    0x08001c94   0x08001c94   0x00000004   Code   RO          758    .text._ZN12TimerControl17setClockFrequencyEj  timercontrol.o
    0x08001c98   0x08001c98   0x0000002a   Code   RO          770    .text._ZN12TimerControl21PeriodElapsedCallbackEv  timercontrol.o
    0x08001cc2   0x08001cc2   0x00000002   PAD
    0x08001cc4   0x08001cc4   0x000000c0   Code   RO          760    .text._ZN12TimerControl4initEv  timercontrol.o
    0x08001d84   0x08001d84   0x000000aa   Code   RO          776    .text._ZN12TimerControl5delayEj  timercontrol.o
    0x08001e2e   0x08001e2e   0x00000002   PAD
    0x08001e30   0x08001e30   0x000000ac   Code   RO          764    .text._ZN12TimerControl5startEv  timercontrol.o
    0x08001edc   0x08001edc   0x00000050   Code   RO          774    .text._ZN12TimerControl6millisEv  timercontrol.o
    0x08001f2c   0x08001f2c   0x00000024   Code   RO          756    .text._ZN12TimerControlC2EP17TIM_HandleTypeDef  timercontrol.o
    0x08001f50   0x08001f50   0x00000024   Code   RO           73    .text._ZN12TimerControlD2Ev  main.o
    0x08001f74   0x08001f74   0x0000006c   Code   RO          990    .text._ZNSt3__212basic_stringIcNS_11char_traitsIcEENS_9allocatorIcEEE17__assign_externalEPKcj  libcpp_w.l(string.cpp.o)
    0x08001fe0   0x08001fe0   0x000000cc   Code   RO          958    .text._ZNSt3__212basic_stringIcNS_11char_traitsIcEENS_9allocatorIcEEE21__grow_by_and_replaceEjjjjjjPKc  libcpp_w.l(string.cpp.o)
    0x080020ac   0x080020ac   0x0000000c   Code   RO         1407    .text._ZSt15get_new_handlerv  libcppabi_w.l(cxa_handlers.cpp.o)
    0x080020b8   0x080020b8   0x00000004   Code   RO          841    .text._ZdlPv        libcpp_w.l(new.cpp.o)
    0x080020bc   0x080020bc   0x00000004   Code   RO          845    .text._ZdlPvj       libcpp_w.l(new.cpp.o)
    0x080020c0   0x080020c0   0x00000026   Code   RO          833    .text._Znwj         libcpp_w.l(new.cpp.o)
    0x080020e6   0x080020e6   0x00000002   PAD
    0x080020e8   0x080020e8   0x0000014e   Code   RO           54    .text.main          main.o
    0x08002236   0x08002236   0x0000003e   Code   RO         1619    CL$$btod_d2e        c_w.l(btod.o)
    0x08002274   0x08002274   0x00000046   Code   RO         1621    CL$$btod_d2e_denorm_low  c_w.l(btod.o)
    0x080022ba   0x080022ba   0x00000060   Code   RO         1620    CL$$btod_d2e_norm_op1  c_w.l(btod.o)
    0x0800231a   0x0800231a   0x00000002   PAD
    0x0800231c   0x0800231c   0x00000338   Code   RO         1629    CL$$btod_div_common  c_w.l(btod.o)
    0x08002654   0x08002654   0x000000dc   Code   RO         1626    CL$$btod_e2e        c_w.l(btod.o)
    0x08002730   0x08002730   0x0000002a   Code   RO         1623    CL$$btod_ediv       c_w.l(btod.o)
    0x0800275a   0x0800275a   0x0000002a   Code   RO         1622    CL$$btod_emul       c_w.l(btod.o)
    0x08002784   0x08002784   0x00000244   Code   RO         1628    CL$$btod_mult_common  c_w.l(btod.o)
    0x080029c8   0x080029c8   0x00000028   Code   RO         1721    i.__ARM_fpclassify  m_ws.l(fpclassify.o)
    0x080029f0   0x080029f0   0x0000002c   Code   RO         1668    locale$$code        c_w.l(lc_numeric_c.o)
    0x08002a1c   0x08002a1c   0x00000150   Code   RO          808    x$fpl$dadd          fz_ws.l(daddsub_clz.o)
    0x08002b6c   0x08002b6c   0x000002b4   Code   RO          815    x$fpl$ddiv          fz_ws.l(ddiv.o)
    0x08002e20   0x08002e20   0x00000026   Code   RO          822    x$fpl$dfltu         fz_ws.l(dflt_clz.o)
    0x08002e46   0x08002e46   0x00000002   PAD
    0x08002e48   0x08002e48   0x00000154   Code   RO          828    x$fpl$dmul          fz_ws.l(dmul.o)
    0x08002f9c   0x08002f9c   0x0000009c   Code   RO         1385    x$fpl$dnaninf       fz_ws.l(dnaninf.o)
    0x08003038   0x08003038   0x0000000c   Code   RO         1387    x$fpl$dretinf       fz_ws.l(dretinf.o)
    0x08003044   0x08003044   0x000001dc   Code   RO          810    x$fpl$dsub          fz_ws.l(daddsub_clz.o)
    0x08003220   0x08003220   0x00000078   Code   RO          818    x$fpl$llufromd      fz_ws.l(dfixull.o)
    0x08003298   0x08003298   0x00000004   Code   RO         1391    x$fpl$printf1       fz_ws.l(printf1.o)
    0x0800329c   0x0800329c   0x00000000   Code   RO         1393    x$fpl$usenofp       fz_ws.l(usenofp.o)
    0x0800329c   0x0800329c   0x00000094   Data   RO         1617    .constdata          c_w.l(bigflt0.o)
    0x08003330   0x08003330   0x00000002   Data   RO          497    .rodata..L__const.HAL_RCC_GetSysClockFreq.aPredivFactorTable  stm32f1xx_hal_rcc.o
    0x08003332   0x08003332   0x00000010   Data   RO          746    .rodata.AHBPrescTable  system_stm32f1xx.o
    0x08003342   0x08003342   0x00000010   Data   RO          496    .rodata.cst16       stm32f1xx_hal_rcc.o
    0x08003352   0x08003352   0x0000003c   Data   RO          780    .rodata.str1.1      timercontrol.o
    0x0800338e   0x0800338e   0x00000002   PAD
    0x08003390   0x08003390   0x00000020   Data   RO         1879    Region$$Table       anon$$obj.o
    0x080033b0   0x080033b0   0x0000001c   Data   RO         1667    locale$$data        c_w.l(lc_numeric_c.o)
    0x080033cc   0x080033cc   0x00000004   Data   RO           63    .init_array         main.o
    0x080033d0   0x080033cc   0x00000000   Data   RO          803    .init_array         c_w.l(init_aeabi.o)


    Execution Region RW_IRAM1 (Exec base: 0x20000000, Load base: 0x080033d0, Size: 0x00000708, Max: 0x00005000, ABSOLUTE)

    Exec Addr    Load Addr    Size         Type   Attr      Idx    E Section Name        Object

    0x20000000   0x080033d0   0x00000008   Data   RW          459    .data..L_MergedGlobals  stm32f1xx_hal.o
    0x20000008   0x080033d8   0x00000004   Data   RW          745    .data.SystemCoreClock  system_stm32f1xx.o
    0x2000000c   0x080033dc   0x00000004   PAD
    0x20000010        -       0x00000060   Zero   RW         1439    .bss                c_w.l(libspace.o)
    0x20000070        -       0x00000048   Zero   RW           65    .bss..L_MergedGlobals  main.o
    0x200000b8        -       0x00000004   Zero   RW         1567    .bss.__cxa_new_handler  libcppabi_w.l(cxa_default_handlers.cpp.o)
    0x200000bc        -       0x00000048   Zero   RW           62    .bss.htim2          main.o
    0x20000104        -       0x00000004   Zero   RW          458    .bss.uwTick         stm32f1xx_hal.o
    0x20000108        -       0x00000200   Zero   RW            2    HEAP                startup_stm32f103xb.o
    0x20000308        -       0x00000400   Zero   RW            1    STACK               startup_stm32f103xb.o


==============================================================================

Image component sizes


      Code (inc. data)   RO Data    RW Data    ZI Data      Debug   Object Name

       456          0          4          0        144      34277   main.o
        64         26        236          0       1536        832   startup_stm32f103xb.o
       148          0          0          8          4       5781   stm32f1xx_hal.o
       200          0          0          0          0       8539   stm32f1xx_hal_cortex.o
       130          0          0          0          0       5632   stm32f1xx_hal_msp.o
      1436          0         18          0          0       7702   stm32f1xx_hal_rcc.o
      1124          0          0          0          0      54422   stm32f1xx_hal_tim.o
       126          0          0          0          0      20452   stm32f1xx_hal_tim_ex.o
        36          0          0          0          0       4302   stm32f1xx_it.o
         2          0         16          4          0       1661   system_stm32f1xx.o
       696        168         60          0          0      65772   timercontrol.o

    ----------------------------------------------------------------------
      4474        194        368         12       1688     209372   Object Totals
         0          0         32          0          0          0   (incl. Generated)
        56          0          2          0          4          0   (incl. Padding)

    ----------------------------------------------------------------------

      Code (inc. data)   RO Data    RW Data    ZI Data      Debug   Library Member Name

         8          0          0          0          0         68   __main.o
         0          0          0          0          0          0   __rtentry.o
        12          0          0          0          0          0   __rtentry2.o
         6          0          0          0          0          0   __rtentry4.o
        52          8          0          0          0          0   __scatter.o
        26          0          0          0          0          0   __scatter_copy.o
        28          0          0          0          0          0   __scatter_zi.o
        44          0          0          0          0        108   _printf_char.o
         6          0          0          0          0          0   _printf_f.o
      1052          0          0          0          0        148   _printf_fp_dec.o
       128         16          0          0          0         84   _printf_fp_infnan.o
         0          0          0          0          0          0   _printf_percent.o
         4          0          0          0          0          0   _printf_percent_end.o
         6          0          0          0          0          0   _printf_s.o
        82          0          0          0          0         80   _printf_str.o
        22          0          0          0          0         80   abort.o
        46          0          0          0          0         84   aeabi_atexit.o
       228          4        148          0          0         96   bigflt0.o
      1936        128          0          0          0        668   btod.o
        10          0          0          0          0         68   cxa_atexit.o
        66          0          0          0          0         84   cxa_finalize.o
        48         34          0          0          0         76   defsig_abrt_inner.o
        14          0          0          0          0         80   defsig_abrt_outer.o
        10          0          0          0          0         68   defsig_exit.o
        50          0          0          0          0         88   defsig_general.o
        80         58          0          0          0         76   defsig_rtmem_inner.o
        14          0          0          0          0         80   defsig_rtmem_outer.o
        18          0          0          0          0         80   exit.o
        94          0          0          0          0         80   h1_alloc.o
        52          0          0          0          0         68   h1_extend.o
        78          0          0          0          0         80   h1_free.o
        14          0          0          0          0         84   h1_init.o
         6          0          0          0          0        152   heapauxi.o
         4          0          0          0          0        136   hguard.o
         0          0          0          0          0          0   indicate_semi.o
        36          8          0          0          0         80   init_aeabi.o
       138          0          0          0          0        168   init_alloc.o
        44         10         28          0          0         76   lc_numeric_c.o
         2          0          0          0          0          0   libinit.o
        30          0          0          0          0          0   libinit2.o
         2          0          0          0          0          0   libshutdown.o
         8          0          0          0          0          0   libshutdown2.o
         8          4          0          0         96         68   libspace.o
       138          0          0          0          0         80   lludiv10.o
       240          0          0          0          0        100   lludivv7m.o
         0          0          0          0          0          0   maybetermalloc1.o
         8          4          0          0          0         68   rt_ddtor_pointer_addr_intlibspace.o
         8          4          0          0          0         68   rt_heap_descriptor_intlibspace.o
         8          4          0          0          0         68   rt_locale_intlibspace.o
       138          0          0          0          0         68   rt_memcpy_v6.o
       100          0          0          0          0         80   rt_memcpy_w.o
       132          0          0          0          0         68   rt_memmove_v6.o
       122          0          0          0          0         80   rt_memmove_w.o
         2          0          0          0          0          0   rtexit.o
        10          0          0          0          0          0   rtexit2.o
       128          0          0          0          0         68   strcmpv7m.o
        12          4          0          0          0         68   sys_exit.o
        74          0          0          0          0         80   sys_stackheap_outer.o
        14          0          0          0          0         76   sys_wrch.o
         2          0          0          0          0         68   use_no_semi.o
       812         16          0          0          0        296   daddsub_clz.o
       692        140          0          0          0        216   ddiv.o
       120          4          0          0          0        104   dfixull.o
        38          0          0          0          0         68   dflt_clz.o
       340         12          0          0          0        104   dmul.o
       156          4          0          0          0         92   dnaninf.o
        12          0          0          0          0         68   dretinf.o
         4          0          0          0          0         68   printf1.o
         0          0          0          0          0          0   usenofp.o
        46          0          0          0          0        380   new.cpp.o
       312          0          0          0          0       4520   string.cpp.o
         0          0          0          0          4          0   cxa_default_handlers.cpp.o
        12          0          0          0          0        132   cxa_handlers.cpp.o
        40          0          0          0          0         68   fpclassify.o

    ----------------------------------------------------------------------
      8246        462        176          0        100      10264   Library Totals
        14          0          0          0          0          0   (incl. Padding)

    ----------------------------------------------------------------------

      Code (inc. data)   RO Data    RW Data    ZI Data      Debug   Library Name

      5648        286        176          0         96       4148   c_w.l
      2174        176          0          0          0       1016   fz_ws.l
       358          0          0          0          0       4900   libcpp_w.l
        12          0          0          0          4        132   libcppabi_w.l
        40          0          0          0          0         68   m_ws.l

    ----------------------------------------------------------------------
      8246        462        176          0        100      10264   Library Totals

    ----------------------------------------------------------------------

==============================================================================


      Code (inc. data)   RO Data    RW Data    ZI Data      Debug   

     12720        656        544         12       1788     216532   Grand Totals
     12720        656        544         12       1788     216532   ELF Image Totals
     12720        656        544         12          0          0   ROM Totals

==============================================================================

    Total RO  Size (Code + RO Data)                13264 (  12.95kB)
    Total RW  Size (RW Data + ZI Data)              1800 (   1.76kB)
    Total ROM Size (Code + RO Data + RW Data)      13276 (  12.96kB)

==============================================================================

